17:29:02.048  A tree hydrated but some attributes of the server rendered HTML didn't match the client properties. This won't be patched up. This can happen if a SSR-ed Client Component used:

- A server/client branch `if (typeof window !== 'undefined')`.
- Variable input such as `Date.now()` or `Math.random()` which changes each time it's called.
- Date formatting in a user's locale which doesn't match the server.
- External changing data without sending a snapshot of it along with the HTML.
- Invalid HTML tag nesting.

It can also happen if the client has a browser extension installed which messes with the HTML before React loaded.

https://react.dev/link/hydration-mismatch

  ...
    <HotReload assetPrefix="" globalError={[...]}>
      <AppDevOverlayErrorBoundary globalError={[...]}>
        <ReplaySsrOnlyErrors>
        <DevRootHTTPAccessFallbackBoundary>
          <HTTPAccessFallbackBoundary notFound={<NotAllowedRootHTTPFallbackError>}>
            <HTTPAccessFallbackErrorBoundary pathname="/projects" notFound={<NotAllowedRootHTTPFallbackError>} ...>
              <RedirectBoundary>
                <RedirectErrorBoundary router={{...}}>
                  <Head>
                  <link>
                  <script>
                  <script>
                  <script>
                  <script>
                  <RootLayout>
                    <html lang="en" suppressHydrationWarning={true}>
                      <head>
                        <V>
                          <script
                            dangerouslySetInnerHTML={{
+                             __html: "\n      window.pRoutes = [{\"path\":\"/none\",\"method\":\"GET\"}]\n      "
-                             __html: ""
                            }}
-                           src="chrome-extension://jlpcnoohcpfgpbalhlggdhjocgnlgafn/assets/main-world.ts-4ed993c7.js"
-                           type="module"
                          >
                        <V>
                          <script
                            dangerouslySetInnerHTML={{
+                             __html: "(()=>{\n                        var v;\n                        function R(e) {..."
-                             __html: "\n      window.pRoutes = [{\"path\":\"/none\",\"method\":\"GET\"}]\n      "
                            }}
                          >
                      ...
                  ...

overrideMethod @ installHook.js:1
17:29:02.479  [Vercel Web Analytics] Debug mode is enabled by default in development. No requests will be sent to the server.
17:29:02.480  [Vercel Web Analytics] [pageview] http://localhost:3001/projects Object
17:29:45.506  isCacheTxt:false
17:29:45.632  projectId afabb077-9ed1-4ade-9c2f-71d940536687
17:29:46.868  [Fast Refresh] rebuilding
17:29:47.025  isCacheTxt:false
17:29:47.330  [Fast Refresh] done in 566ms
17:29:48.324  [Fast Refresh] rebuilding
17:29:48.409  [Fast Refresh] done in 186ms
17:29:49.753  Initializing video editor...
17:29:49.753  Video editor ready
17:29:49.754  Initializing video editor...
17:29:49.756  Video editor ready
17:29:52.077  [Vercel Web Analytics] [pageview] http://localhost:3001/editor/afabb077-9ed1-4ade-9c2f-71d940536687 Object
17:29:54.530  isCacheTxt:false
17:29:56.170  isCacheTxt:false
17:29:59.179  isCacheTxt:false
17:29:59.182  🔽 开始下载视频 1/22: v1_clip_001
17:29:59.182  🔽 开始下载视频 2/22: v1_clip_002
17:29:59.183  🔽 开始下载视频 3/22: v1_clip_003
17:29:59.184  🔽 开始下载视频 4/22: v1_clip_004
17:29:59.184  🔽 开始下载视频 5/22: v1_clip_005
17:29:59.184  🔽 开始下载视频 6/22: v1_clip_006
17:29:59.184  🔽 开始下载视频 7/22: v1_clip_007
17:29:59.184  🔽 开始下载视频 8/22: v1_clip_008
17:29:59.184  🔽 开始下载视频 9/22: v1_clip_009
17:29:59.185  🔽 开始下载视频 10/22: v1_clip_010
17:29:59.185  🔽 开始下载视频 11/22: v1_clip_011
17:29:59.185  🔽 开始下载视频 12/22: v1_clip_012
17:29:59.185  🔽 开始下载视频 13/22: v1_clip_013
17:29:59.185  🔽 开始下载视频 14/22: v1_clip_014
17:29:59.185  🔽 开始下载视频 15/22: v1_clip_015
17:29:59.185  🔽 开始下载视频 16/22: v1_clip_016
17:29:59.186  🔽 开始下载视频 17/22: v1_clip_017
17:29:59.186  🔽 开始下载视频 18/22: v1_clip_018
17:29:59.186  🔽 开始下载视频 19/22: v1_clip_019
17:29:59.186  🔽 开始下载视频 20/22: v1_clip_020
17:29:59.186  🔽 开始下载视频 21/22: v1_clip_021
17:29:59.186  🔽 开始下载视频 22/22: v1_clip_022
17:30:00.694 :3001/api/sounds/search?page_size=50&sort=downloads:1  Failed to load resource: the server responded with a status of 500 (Internal Server Error)
17:30:00.695  Failed to prefetch top sounds: 
overrideMethod @ installHook.js:1
17:30:01.417  ✅ 直接下载成功: AI剪辑_v1_clip_002_1755682199182_1.mp4 (1.78MB)
17:30:01.467  ✅ 直接下载成功: AI剪辑_v1_clip_004_1755682199184_3.mp4 (1.27MB)
17:30:01.469  ✅ 直接下载成功: AI剪辑_v1_clip_003_1755682199183_2.mp4 (4.20MB)
17:30:01.474  ✅ 直接下载成功: AI剪辑_v1_clip_001_1755682199181_0.mp4 (2.93MB)
17:30:01.476  ✅ 直接下载成功: AI剪辑_v1_clip_005_1755682199184_4.mp4 (4.49MB)
17:30:01.476  ✅ 直接下载成功: AI剪辑_v1_clip_006_1755682199184_5.mp4 (3.43MB)
17:30:01.704  ✅ 直接下载成功: AI剪辑_v1_clip_010_1755682199185_9.mp4 (1.74MB)
17:30:01.706  ✅ 直接下载成功: AI剪辑_v1_clip_008_1755682199184_7.mp4 (2.51MB)
17:30:01.707  ✅ 直接下载成功: AI剪辑_v1_clip_009_1755682199184_8.mp4 (2.15MB)
17:30:02.132  ✅ 直接下载成功: AI剪辑_v1_clip_011_1755682199185_10.mp4 (1.28MB)
17:30:03.138  ✅ 直接下载成功: AI剪辑_v1_clip_012_1755682199185_11.mp4 (1.37MB)
17:30:03.144  ✅ 直接下载成功: AI剪辑_v1_clip_019_1755682199186_18.mp4 (0.59MB)
17:30:03.259  ✅ 直接下载成功: AI剪辑_v1_clip_007_1755682199184_6.mp4 (7.08MB)
17:30:03.277  ✅ 直接下载成功: AI剪辑_v1_clip_015_1755682199185_14.mp4 (1.55MB)
17:30:03.278  ✅ 直接下载成功: AI剪辑_v1_clip_017_1755682199186_16.mp4 (1.29MB)
17:30:03.278  ✅ 直接下载成功: AI剪辑_v1_clip_013_1755682199185_12.mp4 (1.40MB)
17:30:03.281  ✅ 直接下载成功: AI剪辑_v1_clip_016_1755682199185_15.mp4 (1.31MB)
17:30:03.301  ✅ 直接下载成功: AI剪辑_v1_clip_014_1755682199185_13.mp4 (2.07MB)
17:30:04.392  ✅ 直接下载成功: AI剪辑_v1_clip_021_1755682199186_20.mp4 (1.65MB)
17:30:04.393  ✅ 直接下载成功: AI剪辑_v1_clip_018_1755682199186_17.mp4 (2.08MB)
17:30:05.529  ✅ 直接下载成功: AI剪辑_v1_clip_022_1755682199186_21.mp4 (1.65MB)
17:30:06.730  ✅ 直接下载成功: AI剪辑_v1_clip_020_1755682199186_19.mp4 (2.08MB)
17:30:06.731  ✅ 视频 1 下载完成
17:30:06.732  ✅ 视频 2 下载完成
17:30:06.732  ✅ 视频 3 下载完成
17:30:06.732  ✅ 视频 4 下载完成
17:30:06.732  ✅ 视频 5 下载完成
17:30:06.732  ✅ 视频 6 下载完成
17:30:06.732  ✅ 视频 7 下载完成
17:30:06.732  ✅ 视频 8 下载完成
17:30:06.732  ✅ 视频 9 下载完成
17:30:06.732  ✅ 视频 10 下载完成
17:30:06.732  ✅ 视频 11 下载完成
17:30:06.732  ✅ 视频 12 下载完成
17:30:06.732  ✅ 视频 13 下载完成
17:30:06.732  ✅ 视频 14 下载完成
17:30:06.732  ✅ 视频 15 下载完成
17:30:06.732  ✅ 视频 16 下载完成
17:30:06.732  ✅ 视频 17 下载完成
17:30:06.732  ✅ 视频 18 下载完成
17:30:06.732  ✅ 视频 19 下载完成
17:30:06.732  ✅ 视频 20 下载完成
17:30:06.732  ✅ 视频 21 下载完成
17:30:06.732  ✅ 视频 22 下载完成
17:30:06.734  ✅ 所有视频下载完成，共 22 个文件
17:30:06.734  🚀 开始并行生成 22 个视频缩略图...
17:30:06.734  🖼️ [1/22] 生成缩略图 (0.5s): v1_clip_001
17:30:06.735  🖼️ [2/22] 生成缩略图 (0.8s): v1_clip_002
17:30:06.735  🖼️ [3/22] 生成缩略图 (1.1s): v1_clip_003
17:30:06.736  🖼️ [4/22] 生成缩略图 (1.4s): v1_clip_004
17:30:06.736  🖼️ [5/22] 生成缩略图 (1.7s): v1_clip_005
17:30:06.736  🖼️ [6/22] 生成缩略图 (2s): v1_clip_006
17:30:06.736  🖼️ [7/22] 生成缩略图 (2.3s): v1_clip_007
17:30:06.737  🖼️ [8/22] 生成缩略图 (2.6s): v1_clip_008
17:30:06.737  🖼️ [9/22] 生成缩略图 (2.9s): v1_clip_009
17:30:06.737  🖼️ [10/22] 生成缩略图 (3.1999999999999997s): v1_clip_010
17:30:06.738  🖼️ [11/22] 生成缩略图 (3.5s): v1_clip_011
17:30:06.738  🖼️ [12/22] 生成缩略图 (3.8s): v1_clip_012
17:30:06.738  🖼️ [13/22] 生成缩略图 (4.1s): v1_clip_013
17:30:06.739  🖼️ [14/22] 生成缩略图 (4.4s): v1_clip_014
17:30:06.740  🖼️ [15/22] 生成缩略图 (4.7s): v1_clip_015
17:30:06.740  🖼️ [16/22] 生成缩略图 (5s): v1_clip_016
17:30:06.740  🖼️ [17/22] 生成缩略图 (5.3s): v1_clip_017
17:30:06.741  🖼️ [18/22] 生成缩略图 (5.6s): v1_clip_018
17:30:06.741  🖼️ [19/22] 生成缩略图 (5.8999999999999995s): v1_clip_019
17:30:06.742  🖼️ [20/22] 生成缩略图 (6.2s): v1_clip_020
17:30:06.742  🖼️ [21/22] 生成缩略图 (6.5s): v1_clip_021
17:30:06.742  🖼️ [22/22] 生成缩略图 (6.8s): v1_clip_022
17:30:17.844  ✅ [10/22] 缩略图生成成功: v1_clip_010
17:30:18.172  ✅ [1/22] 缩略图生成成功: v1_clip_001
17:30:18.183  ✅ [6/22] 缩略图生成成功: v1_clip_006
17:30:18.492  ✅ [2/22] 缩略图生成成功: v1_clip_002
17:30:18.659  ✅ [19/22] 缩略图生成成功: v1_clip_019
17:30:18.704  ✅ [8/22] 缩略图生成成功: v1_clip_008
17:30:18.787  ✅ [3/22] 缩略图生成成功: v1_clip_003
17:30:18.831  ✅ [4/22] 缩略图生成成功: v1_clip_004
17:30:18.999  ✅ [21/22] 缩略图生成成功: v1_clip_021
17:30:19.150  ✅ [22/22] 缩略图生成成功: v1_clip_022
17:30:19.187  ✅ [5/22] 缩略图生成成功: v1_clip_005
17:30:19.429  ✅ [11/22] 缩略图生成成功: v1_clip_011
17:30:19.617  ✅ [7/22] 缩略图生成成功: v1_clip_007
17:30:19.674  ✅ [18/22] 缩略图生成成功: v1_clip_018
17:30:19.706  ✅ [16/22] 缩略图生成成功: v1_clip_016
17:30:19.750  ✅ [9/22] 缩略图生成成功: v1_clip_009
17:30:19.875  ✅ [20/22] 缩略图生成成功: v1_clip_020
17:30:20.072  ✅ [12/22] 缩略图生成成功: v1_clip_012
17:30:20.136  ✅ [13/22] 缩略图生成成功: v1_clip_013
17:30:20.318  ✅ [14/22] 缩略图生成成功: v1_clip_014
17:30:20.324  ✅ [15/22] 缩略图生成成功: v1_clip_015
17:30:20.396  ✅ [17/22] 缩略图生成成功: v1_clip_017
17:30:20.396  ✅ 所有缩略图处理完成，共 22 个
17:30:20.396  🔧 媒体项创建详情: Object
17:30:21.214  ✅ 媒体项已添加: AI剪辑-v1_clip_001
17:30:21.215     - ID: 905b02ee-e085-41c5-841f-5469d449ab8c
17:30:21.215     - URL: blob:http://localhost:3001/8d1e8ce2-45de-42f8-80eb-34380fed43c9
17:30:21.215     - 缩略图: ✅
17:30:21.215     - 文件类型: video/mp4
17:30:21.215  🔧 媒体项创建详情: Object
17:30:21.811  ✅ 媒体项已添加: AI剪辑-v1_clip_002
17:30:21.811     - ID: 1096a007-b268-45f4-92ff-9bc07a9da588
17:30:21.811     - URL: blob:http://localhost:3001/b1288be4-0845-41a4-9e16-4641653ce34b
17:30:21.811     - 缩略图: ✅
17:30:21.811     - 文件类型: video/mp4
17:30:21.811  🔧 媒体项创建详情: Object
17:30:22.227  ✅ 媒体项已添加: AI剪辑-v1_clip_003
17:30:22.227     - ID: 9e9b07a3-57ad-41e0-aa6a-13dcf146d687
17:30:22.228     - URL: blob:http://localhost:3001/fc7896b8-e442-4183-8535-06f507672e2b
17:30:22.228     - 缩略图: ✅
17:30:22.228     - 文件类型: video/mp4
17:30:22.228  🔧 媒体项创建详情: Object
17:30:22.430  ✅ 媒体项已添加: AI剪辑-v1_clip_004
17:30:22.430     - ID: 53c21337-7a14-470c-9b10-b4fcdd6c3e2d
17:30:22.430     - URL: blob:http://localhost:3001/575d893a-54ba-485b-be89-3e8c56961c2f
17:30:22.430     - 缩略图: ✅
17:30:22.430     - 文件类型: video/mp4
17:30:22.430  🔧 媒体项创建详情: Object
17:30:22.582  ✅ 媒体项已添加: AI剪辑-v1_clip_005
17:30:22.582     - ID: d5fddae0-f040-40ac-bc61-2feb5d964ca4
17:30:22.583     - URL: blob:http://localhost:3001/c5cb2f92-c814-4f3a-8755-2f3cf84dd402
17:30:22.583     - 缩略图: ✅
17:30:22.583     - 文件类型: video/mp4
17:30:22.583  🔧 媒体项创建详情: Object
17:30:22.665  ✅ 媒体项已添加: AI剪辑-v1_clip_006
17:30:22.665     - ID: 3b501bf1-0e0f-48e1-bc88-b8847112d1d2
17:30:22.665     - URL: blob:http://localhost:3001/4269fee4-da94-4ad3-8306-d43b33a9271a
17:30:22.666     - 缩略图: ✅
17:30:22.666     - 文件类型: video/mp4
17:30:22.667  🔧 媒体项创建详情: Object
17:30:22.786  ✅ 媒体项已添加: AI剪辑-v1_clip_007
17:30:22.786     - ID: 58195a1f-9cd1-43e6-9636-ac287a4a97db
17:30:22.804     - URL: blob:http://localhost:3001/975d6ce8-d4cb-4ea2-b928-4b5e36a1ed9c
17:30:22.804     - 缩略图: ✅
17:30:22.804     - 文件类型: video/mp4
17:30:22.805  🔧 媒体项创建详情: Object
17:30:23.605  ✅ 媒体项已添加: AI剪辑-v1_clip_008
17:30:23.605     - ID: 667cb874-1dce-4bee-957f-a3458badf71d
17:30:23.605     - URL: blob:http://localhost:3001/f6aff719-b53c-43a9-b965-0045962a3270
17:30:23.605     - 缩略图: ✅
17:30:23.605     - 文件类型: video/mp4
17:30:23.606  🔧 媒体项创建详情: Object
17:30:23.966  ✅ 媒体项已添加: AI剪辑-v1_clip_009
17:30:23.966     - ID: aaf94a54-7cbb-46fa-b1e5-84747bf6d313
17:30:23.966     - URL: blob:http://localhost:3001/6a978f0f-1deb-487e-b96e-bfaa5a8daf45
17:30:23.967     - 缩略图: ✅
17:30:23.967     - 文件类型: video/mp4
17:30:23.968  🔧 媒体项创建详情: Object
17:30:24.357  ✅ 媒体项已添加: AI剪辑-v1_clip_010
17:30:24.357     - ID: 2197b912-3b3f-4c77-bbfd-608328800dcf
17:30:24.357     - URL: blob:http://localhost:3001/5fced833-d6ef-451d-8f96-4ef940b72680
17:30:24.357     - 缩略图: ✅
17:30:24.357     - 文件类型: video/mp4
17:30:24.357  🔧 媒体项创建详情: Object
17:30:24.662  ✅ 媒体项已添加: AI剪辑-v1_clip_011
17:30:24.662     - ID: 9647cdff-d862-4f58-8685-24afcf08210b
17:30:24.662     - URL: blob:http://localhost:3001/f7944f60-025f-4be0-865c-a0fbee46272f
17:30:24.662     - 缩略图: ✅
17:30:24.662     - 文件类型: video/mp4
17:30:24.662  🔧 媒体项创建详情: Object
17:30:24.786  ✅ 媒体项已添加: AI剪辑-v1_clip_012
17:30:24.795     - ID: d0629f9b-df66-4c20-9b1c-9051e795bbdb
17:30:24.805     - URL: blob:http://localhost:3001/7a18769f-5433-49a0-8f0c-977af718ead7
17:30:24.806     - 缩略图: ✅
17:30:24.806     - 文件类型: video/mp4
17:30:24.806  🔧 媒体项创建详情: Object
17:30:24.858  ✅ 媒体项已添加: AI剪辑-v1_clip_013
17:30:24.858     - ID: dd18d73e-edad-4939-98f4-12160e6309bb
17:30:24.858     - URL: blob:http://localhost:3001/f84195e9-2520-4859-962e-f9c78fe09e35
17:30:24.858     - 缩略图: ✅
17:30:24.858     - 文件类型: video/mp4
17:30:24.858  🔧 媒体项创建详情: Object
17:30:24.927  ✅ 媒体项已添加: AI剪辑-v1_clip_014
17:30:24.927     - ID: 4204a83f-fa73-4f92-9587-54a90478f22f
17:30:24.927     - URL: blob:http://localhost:3001/c9d3b030-0399-425a-a67a-e56be277e658
17:30:24.927     - 缩略图: ✅
17:30:24.927     - 文件类型: video/mp4
17:30:24.927  🔧 媒体项创建详情: Object
17:30:25.156  ✅ 媒体项已添加: AI剪辑-v1_clip_015
17:30:25.156     - ID: 23784880-25ae-4f2f-aa9e-65056e1656ee
17:30:25.156     - URL: blob:http://localhost:3001/d857393c-bd16-4352-a052-65be2c6c82ae
17:30:25.156     - 缩略图: ✅
17:30:25.156     - 文件类型: video/mp4
17:30:25.156  🔧 媒体项创建详情: Object
17:30:25.537  ✅ 媒体项已添加: AI剪辑-v1_clip_016
17:30:25.537     - ID: 01f757d4-487f-4684-8c26-91d8e7f51e93
17:30:25.537     - URL: blob:http://localhost:3001/a417bca5-bc89-4b41-8f9d-4a790fe4941e
17:30:25.537     - 缩略图: ✅
17:30:25.537     - 文件类型: video/mp4
17:30:25.537  🔧 媒体项创建详情: Object
17:30:25.660  ✅ 媒体项已添加: AI剪辑-v1_clip_017
17:30:25.660     - ID: 70272a49-5ae5-4f5e-a33c-b3e83c65caac
17:30:25.660     - URL: blob:http://localhost:3001/d3d2920f-77a2-4f5c-a914-cc71046aadc9
17:30:25.660     - 缩略图: ✅
17:30:25.660     - 文件类型: video/mp4
17:30:25.660  🔧 媒体项创建详情: Object
17:30:25.774  ✅ 媒体项已添加: AI剪辑-v1_clip_018
17:30:25.774     - ID: 53e902fc-a97b-4d79-a3f3-584321ca2c0e
17:30:25.774     - URL: blob:http://localhost:3001/90cbca08-7cdc-4335-96a1-eeca9b8f8804
17:30:25.774     - 缩略图: ✅
17:30:25.774     - 文件类型: video/mp4
17:30:25.774  🔧 媒体项创建详情: Object
17:30:25.937  ✅ 媒体项已添加: AI剪辑-v1_clip_019
17:30:25.937     - ID: 5e28a44b-24b8-498e-b3f7-2dec109ff19c
17:30:25.937     - URL: blob:http://localhost:3001/5d867235-f29b-4618-bef6-fc7d35fe9c7e
17:30:25.937     - 缩略图: ✅
17:30:25.937     - 文件类型: video/mp4
17:30:25.937  🔧 媒体项创建详情: Object
17:30:26.107  ✅ 媒体项已添加: AI剪辑-v1_clip_020
17:30:26.107     - ID: 4d6b27ec-3a62-488b-874e-8dca94ac66f3
17:30:26.107     - URL: blob:http://localhost:3001/043c3567-82e2-455a-afd1-ead27d0c2990
17:30:26.107     - 缩略图: ✅
17:30:26.107     - 文件类型: video/mp4
17:30:26.107  🔧 媒体项创建详情: Object
17:30:26.352  ✅ 媒体项已添加: AI剪辑-v1_clip_021
17:30:26.352     - ID: c13d6454-4423-4c59-a938-d7ce7d41b0ac
17:30:26.352     - URL: blob:http://localhost:3001/e1c48ae0-5a1b-499d-a012-09e0f98a9acb
17:30:26.352     - 缩略图: ✅
17:30:26.352     - 文件类型: video/mp4
17:30:26.353  🔧 媒体项创建详情: Object
17:30:26.482  ✅ 媒体项已添加: AI剪辑-v1_clip_022
17:30:26.482     - ID: de3785db-cacd-4624-8d9c-5b4eee906f19
17:30:26.482     - URL: blob:http://localhost:3001/a8219427-adfe-474f-b719-a01b8fe3f5e4
17:30:26.482     - 缩略图: ✅
17:30:26.482     - 文件类型: video/mp4
17:30:26.483  ✅ 所有媒体项添加完成，共 22 个
17:30:26.483  📊 AI剪辑片段信息: Object
17:30:26.485  ✅ 成功添加AI剪辑片段到时间轴:
17:30:26.485     片段ID: v1_clip_001
17:30:26.485     媒体项ID: 905b02ee-e085-41c5-841f-5469d449ab8c
17:30:26.485     缩略图: ✅ 已生成
17:30:26.485     媒体URL: blob:http://localhost:3001/8d1e8ce2-45de-42f8-80eb-34380fed43c9
17:30:26.485     媒体文件: ✅ 本地文件
17:30:26.485     元素时长: 8秒
17:30:26.485     开始时间: 0秒
17:30:26.485     媒体库验证: ❌ 不存在
17:30:26.485  📊 AI剪辑片段信息: Object
17:30:26.486  ✅ 成功添加AI剪辑片段到时间轴:
17:30:26.486     片段ID: v1_clip_002
17:30:26.486     媒体项ID: 1096a007-b268-45f4-92ff-9bc07a9da588
17:30:26.486     缩略图: ✅ 已生成
17:30:26.486     媒体URL: blob:http://localhost:3001/b1288be4-0845-41a4-9e16-4641653ce34b
17:30:26.486     媒体文件: ✅ 本地文件
17:30:26.486     元素时长: 7秒
17:30:26.486     开始时间: 8秒
17:30:26.486     媒体库验证: ❌ 不存在
17:30:26.486  📊 AI剪辑片段信息: Object
17:30:26.487  ✅ 成功添加AI剪辑片段到时间轴:
17:30:26.487     片段ID: v1_clip_003
17:30:26.487     媒体项ID: 9e9b07a3-57ad-41e0-aa6a-13dcf146d687
17:30:26.487     缩略图: ✅ 已生成
17:30:26.487     媒体URL: blob:http://localhost:3001/fc7896b8-e442-4183-8535-06f507672e2b
17:30:26.487     媒体文件: ✅ 本地文件
17:30:26.488     元素时长: 8秒
17:30:26.488     开始时间: 15秒
17:30:26.488     媒体库验证: ❌ 不存在
17:30:26.488  📊 AI剪辑片段信息: Object
17:30:26.488  ✅ 成功添加AI剪辑片段到时间轴:
17:30:26.489     片段ID: v1_clip_004
17:30:26.489     媒体项ID: 53c21337-7a14-470c-9b10-b4fcdd6c3e2d
17:30:26.489     缩略图: ✅ 已生成
17:30:26.489     媒体URL: blob:http://localhost:3001/575d893a-54ba-485b-be89-3e8c56961c2f
17:30:26.489     媒体文件: ✅ 本地文件
17:30:26.489     元素时长: 8.5秒
17:30:26.489     开始时间: 23秒
17:30:26.489     媒体库验证: ❌ 不存在
17:30:26.490  📊 AI剪辑片段信息: Object
17:30:26.490  ✅ 成功添加AI剪辑片段到时间轴:
17:30:26.490     片段ID: v1_clip_005
17:30:26.490     媒体项ID: d5fddae0-f040-40ac-bc61-2feb5d964ca4
17:30:26.491     缩略图: ✅ 已生成
17:30:26.491     媒体URL: blob:http://localhost:3001/c5cb2f92-c814-4f3a-8755-2f3cf84dd402
17:30:26.491     媒体文件: ✅ 本地文件
17:30:26.491     元素时长: 6.5秒
17:30:26.491     开始时间: 31.5秒
17:30:26.491     媒体库验证: ❌ 不存在
17:30:26.491  📊 AI剪辑片段信息: Object
17:30:26.494  ✅ 成功添加AI剪辑片段到时间轴:
17:30:26.494     片段ID: v1_clip_006
17:30:26.494     媒体项ID: 3b501bf1-0e0f-48e1-bc88-b8847112d1d2
17:30:26.494     缩略图: ✅ 已生成
17:30:26.495     媒体URL: blob:http://localhost:3001/4269fee4-da94-4ad3-8306-d43b33a9271a
17:30:26.495     媒体文件: ✅ 本地文件
17:30:26.495     元素时长: 8秒
17:30:26.495     开始时间: 38秒
17:30:26.495     媒体库验证: ❌ 不存在
17:30:26.495  📊 AI剪辑片段信息: Object
17:30:26.496  ✅ 成功添加AI剪辑片段到时间轴:
17:30:26.496     片段ID: v1_clip_007
17:30:26.496     媒体项ID: 58195a1f-9cd1-43e6-9636-ac287a4a97db
17:30:26.496     缩略图: ✅ 已生成
17:30:26.496     媒体URL: blob:http://localhost:3001/975d6ce8-d4cb-4ea2-b928-4b5e36a1ed9c
17:30:26.496     媒体文件: ✅ 本地文件
17:30:26.496     元素时长: 6秒
17:30:26.496     开始时间: 46秒
17:30:26.496     媒体库验证: ❌ 不存在
17:30:26.497  📊 AI剪辑片段信息: Object
17:30:26.497  ✅ 成功添加AI剪辑片段到时间轴:
17:30:26.497     片段ID: v1_clip_008
17:30:26.498     媒体项ID: 667cb874-1dce-4bee-957f-a3458badf71d
17:30:26.498     缩略图: ✅ 已生成
17:30:26.498     媒体URL: blob:http://localhost:3001/f6aff719-b53c-43a9-b965-0045962a3270
17:30:26.498     媒体文件: ✅ 本地文件
17:30:26.498     元素时长: 7秒
17:30:26.498     开始时间: 52秒
17:30:26.498     媒体库验证: ❌ 不存在
17:30:26.498  📊 AI剪辑片段信息: Object
17:30:26.499  ✅ 成功添加AI剪辑片段到时间轴:
17:30:26.499     片段ID: v1_clip_009
17:30:26.499     媒体项ID: aaf94a54-7cbb-46fa-b1e5-84747bf6d313
17:30:26.499     缩略图: ✅ 已生成
17:30:26.499     媒体URL: blob:http://localhost:3001/6a978f0f-1deb-487e-b96e-bfaa5a8daf45
17:30:26.499     媒体文件: ✅ 本地文件
17:30:26.500     元素时长: 6.8秒
17:30:26.500     开始时间: 59秒
17:30:26.500     媒体库验证: ❌ 不存在
17:30:26.500  📊 AI剪辑片段信息: Object
17:30:26.500  ✅ 成功添加AI剪辑片段到时间轴:
17:30:26.500     片段ID: v1_clip_010
17:30:26.500     媒体项ID: 2197b912-3b3f-4c77-bbfd-608328800dcf
17:30:26.500     缩略图: ✅ 已生成
17:30:26.501     媒体URL: blob:http://localhost:3001/5fced833-d6ef-451d-8f96-4ef940b72680
17:30:26.501     媒体文件: ✅ 本地文件
17:30:26.501     元素时长: 8秒
17:30:26.501     开始时间: 65.8秒
17:30:26.501     媒体库验证: ❌ 不存在
17:30:26.501  📊 AI剪辑片段信息: Object
17:30:26.503  ✅ 成功添加AI剪辑片段到时间轴:
17:30:26.503     片段ID: v1_clip_011
17:30:26.503     媒体项ID: 9647cdff-d862-4f58-8685-24afcf08210b
17:30:26.503     缩略图: ✅ 已生成
17:30:26.503     媒体URL: blob:http://localhost:3001/f7944f60-025f-4be0-865c-a0fbee46272f
17:30:26.503     媒体文件: ✅ 本地文件
17:30:26.503     元素时长: 8秒
17:30:26.503     开始时间: 73.8秒
17:30:26.503     媒体库验证: ❌ 不存在
17:30:26.503  📊 AI剪辑片段信息: Object
17:30:26.504  ✅ 成功添加AI剪辑片段到时间轴:
17:30:26.504     片段ID: v1_clip_012
17:30:26.504     媒体项ID: d0629f9b-df66-4c20-9b1c-9051e795bbdb
17:30:26.504     缩略图: ✅ 已生成
17:30:26.504     媒体URL: blob:http://localhost:3001/7a18769f-5433-49a0-8f0c-977af718ead7
17:30:26.504     媒体文件: ✅ 本地文件
17:30:26.504     元素时长: 8秒
17:30:26.504     开始时间: 81.8秒
17:30:26.504     媒体库验证: ❌ 不存在
17:30:26.504  📊 AI剪辑片段信息: Object
17:30:26.505  ✅ 成功添加AI剪辑片段到时间轴:
17:30:26.505     片段ID: v1_clip_013
17:30:26.505     媒体项ID: dd18d73e-edad-4939-98f4-12160e6309bb
17:30:26.505     缩略图: ✅ 已生成
17:30:26.505     媒体URL: blob:http://localhost:3001/f84195e9-2520-4859-962e-f9c78fe09e35
17:30:26.505     媒体文件: ✅ 本地文件
17:30:26.505     元素时长: 8秒
17:30:26.505     开始时间: 89.8秒
17:30:26.505     媒体库验证: ❌ 不存在
17:30:26.505  📊 AI剪辑片段信息: Object
17:30:26.506  ✅ 成功添加AI剪辑片段到时间轴:
17:30:26.506     片段ID: v1_clip_014
17:30:26.506     媒体项ID: 4204a83f-fa73-4f92-9587-54a90478f22f
17:30:26.506     缩略图: ✅ 已生成
17:30:26.506     媒体URL: blob:http://localhost:3001/c9d3b030-0399-425a-a67a-e56be277e658
17:30:26.506     媒体文件: ✅ 本地文件
17:30:26.506     元素时长: 8秒
17:30:26.506     开始时间: 97.8秒
17:30:26.506     媒体库验证: ❌ 不存在
17:30:26.506  📊 AI剪辑片段信息: Object
17:30:26.507  ✅ 成功添加AI剪辑片段到时间轴:
17:30:26.507     片段ID: v1_clip_015
17:30:26.507     媒体项ID: 23784880-25ae-4f2f-aa9e-65056e1656ee
17:30:26.507     缩略图: ✅ 已生成
17:30:26.507     媒体URL: blob:http://localhost:3001/d857393c-bd16-4352-a052-65be2c6c82ae
17:30:26.507     媒体文件: ✅ 本地文件
17:30:26.507     元素时长: 8秒
17:30:26.507     开始时间: 105.8秒
17:30:26.507     媒体库验证: ❌ 不存在
17:30:26.508  📊 AI剪辑片段信息: Object
17:30:26.508  ✅ 成功添加AI剪辑片段到时间轴:
17:30:26.508     片段ID: v1_clip_016
17:30:26.508     媒体项ID: 01f757d4-487f-4684-8c26-91d8e7f51e93
17:30:26.508     缩略图: ✅ 已生成
17:30:26.508     媒体URL: blob:http://localhost:3001/a417bca5-bc89-4b41-8f9d-4a790fe4941e
17:30:26.508     媒体文件: ✅ 本地文件
17:30:26.508     元素时长: 7.132秒
17:30:26.508     开始时间: 113.8秒
17:30:26.508     媒体库验证: ❌ 不存在
17:30:26.509  📊 AI剪辑片段信息: Object
17:30:26.509  ✅ 成功添加AI剪辑片段到时间轴:
17:30:26.509     片段ID: v1_clip_017
17:30:26.509     媒体项ID: 70272a49-5ae5-4f5e-a33c-b3e83c65caac
17:30:26.509     缩略图: ✅ 已生成
17:30:26.509     媒体URL: blob:http://localhost:3001/d3d2920f-77a2-4f5c-a914-cc71046aadc9
17:30:26.509     媒体文件: ✅ 本地文件
17:30:26.510     元素时长: 8秒
17:30:26.510     开始时间: 120.932秒
17:30:26.510     媒体库验证: ❌ 不存在
17:30:26.510  📊 AI剪辑片段信息: Object
17:30:26.510  ✅ 成功添加AI剪辑片段到时间轴:
17:30:26.510     片段ID: v1_clip_018
17:30:26.511     媒体项ID: 53e902fc-a97b-4d79-a3f3-584321ca2c0e
17:30:26.511     缩略图: ✅ 已生成
17:30:26.511     媒体URL: blob:http://localhost:3001/90cbca08-7cdc-4335-96a1-eeca9b8f8804
17:30:26.511     媒体文件: ✅ 本地文件
17:30:26.511     元素时长: 2.8秒
17:30:26.511     开始时间: 128.93200000000002秒
17:30:26.511     媒体库验证: ❌ 不存在
17:30:26.512  📊 AI剪辑片段信息: Object
17:30:26.512  ✅ 成功添加AI剪辑片段到时间轴:
17:30:26.512     片段ID: v1_clip_019
17:30:26.512     媒体项ID: 5e28a44b-24b8-498e-b3f7-2dec109ff19c
17:30:26.513     缩略图: ✅ 已生成
17:30:26.513     媒体URL: blob:http://localhost:3001/5d867235-f29b-4618-bef6-fc7d35fe9c7e
17:30:26.513     媒体文件: ✅ 本地文件
17:30:26.513     元素时长: 1秒
17:30:26.513     开始时间: 131.73200000000003秒
17:30:26.513     媒体库验证: ❌ 不存在
17:30:26.513  📊 AI剪辑片段信息: Object
17:30:26.513  ✅ 成功添加AI剪辑片段到时间轴:
17:30:26.513     片段ID: v1_clip_020
17:30:26.513     媒体项ID: 4d6b27ec-3a62-488b-874e-8dca94ac66f3
17:30:26.513     缩略图: ✅ 已生成
17:30:26.513     媒体URL: blob:http://localhost:3001/043c3567-82e2-455a-afd1-ead27d0c2990
17:30:26.513     媒体文件: ✅ 本地文件
17:30:26.513     元素时长: 4.4秒
17:30:26.514     开始时间: 132.73200000000003秒
17:30:26.514     媒体库验证: ❌ 不存在
17:30:26.514  📊 AI剪辑片段信息: Object
17:30:26.515  ✅ 成功添加AI剪辑片段到时间轴:
17:30:26.515     片段ID: v1_clip_021
17:30:26.515     媒体项ID: c13d6454-4423-4c59-a938-d7ce7d41b0ac
17:30:26.515     缩略图: ✅ 已生成
17:30:26.515     媒体URL: blob:http://localhost:3001/e1c48ae0-5a1b-499d-a012-09e0f98a9acb
17:30:26.515     媒体文件: ✅ 本地文件
17:30:26.515     元素时长: 3秒
17:30:26.515     开始时间: 137.13200000000003秒
17:30:26.515     媒体库验证: ❌ 不存在
17:30:26.515  📊 AI剪辑片段信息: Object
17:30:26.516  ✅ 成功添加AI剪辑片段到时间轴:
17:30:26.516     片段ID: v1_clip_022
17:30:26.516     媒体项ID: de3785db-cacd-4624-8d9c-5b4eee906f19
17:30:26.516     缩略图: ✅ 已生成
17:30:26.516     媒体URL: blob:http://localhost:3001/a8219427-adfe-474f-b719-a01b8fe3f5e4
17:30:26.516     媒体文件: ✅ 本地文件
17:30:26.516     元素时长: 5秒
17:30:26.516     开始时间: 140.13200000000003秒
17:30:26.516     媒体库验证: ❌ 不存在
17:30:26.516  📝 发现AI字幕数据，开始处理...
17:30:26.517  🎯 字幕位置计算: 画布高度=1080, Y坐标=410.4
17:30:26.525  🎯 字幕位置计算: 画布高度=1080, Y坐标=410.4
17:30:26.540  🎯 字幕位置计算: 画布高度=1080, Y坐标=410.4
17:30:26.540  🎯 字幕位置计算: 画布高度=1080, Y坐标=410.4
17:30:26.541  🎯 字幕位置计算: 画布高度=1080, Y坐标=410.4
17:30:26.541  🎯 字幕位置计算: 画布高度=1080, Y坐标=410.4
17:30:26.541  🎯 字幕位置计算: 画布高度=1080, Y坐标=410.4
17:30:26.541  🎯 字幕位置计算: 画布高度=1080, Y坐标=410.4
17:30:26.541  🎯 字幕位置计算: 画布高度=1080, Y坐标=410.4
17:30:26.541  🎯 字幕位置计算: 画布高度=1080, Y坐标=410.4
17:30:26.542  🎯 字幕位置计算: 画布高度=1080, Y坐标=410.4
17:30:26.542  🎯 字幕位置计算: 画布高度=1080, Y坐标=410.4
17:30:26.542  🎯 字幕位置计算: 画布高度=1080, Y坐标=410.4
17:30:26.542  🎯 字幕位置计算: 画布高度=1080, Y坐标=410.4
17:30:26.542  📝 生成了 14 个字幕元素
17:30:26.542  📝 开始创建字幕轨道: "AI字幕"，包含 14 个元素
17:30:26.543  📝 创建了文本轨道，ID: 82effc50-eed6-42a1-877c-1cd9079e1b42
17:30:26.543  📝 轨道名称已更新为: "AI字幕"
17:30:26.543  📝 开始添加 14 个文本元素到轨道
17:30:26.543  📝 开始向轨道 82effc50-eed6-42a1-877c-1cd9079e1b42 添加 14 个文本元素
17:30:26.544  📝 处理文本元素 1/14:
17:30:26.544     内容: "Delta squad, reinforce section gamma. Now. Move no..."
17:30:26.544     开始时间: 12s
17:30:26.544     持续时间: 3s
17:30:26.544     类型: text
17:30:26.544  📝 添加字幕元素 1，跳过重叠检查
17:30:26.544     字幕内容: "Delta squad, reinforce section..."
17:30:26.544     开始时间: 12s，持续时间: 3s
17:30:26.545  ✅ 成功添加文本元素 1: "Delta squad, reinforce section..."
17:30:26.545  📝 处理文本元素 2/14:
17:30:26.545     内容: "They said it was a fortress. Logic's final, perfec..."
17:30:26.545     开始时间: 15.2s
17:30:26.545     持续时间: 5.600000000000001s
17:30:26.545     类型: text
17:30:26.545  📝 添加字幕元素 2，跳过重叠检查
17:30:26.545     字幕内容: "They said it was a fortress. L..."
17:30:26.545     开始时间: 15.2s，持续时间: 5.600000000000001s
17:30:26.545  ✅ 成功添加文本元素 2: "They said it was a fortress. L..."
17:30:26.546  📝 处理文本元素 3/14:
17:30:26.546     内容: "But the universe doesn't follow logic...."
17:30:26.546     开始时间: 23.5s
17:30:26.546     持续时间: 2.3000000000000007s
17:30:26.546     类型: text
17:30:26.546  📝 添加字幕元素 3，跳过重叠检查
17:30:26.546     字幕内容: "But the universe doesn't follo..."
17:30:26.546     开始时间: 23.5s，持续时间: 2.3000000000000007s
17:30:26.547  ✅ 成功添加文本元素 3: "But the universe doesn't follo..."
17:30:26.547  📝 处理文本元素 4/14:
17:30:26.547     内容: "It just happens...."
17:30:26.547     开始时间: 27.958s
17:30:26.547     持续时间: 1.5s
17:30:26.547     类型: text
17:30:26.547  📝 添加字幕元素 4，跳过重叠检查
17:30:26.547     字幕内容: "It just happens...."
17:30:26.547     开始时间: 27.958s，持续时间: 1.5s
17:30:26.548  ✅ 成功添加文本元素 4: "It just happens...."
17:30:26.548  📝 处理文本元素 5/14:
17:30:26.548     内容: "All units, hold! Hold positions! Report damage!..."
17:30:26.548     开始时间: 52.458s
17:30:26.548     持续时间: 2.700000000000003s
17:30:26.548     类型: text
17:30:26.548  📝 添加字幕元素 5，跳过重叠检查
17:30:26.548     字幕内容: "All units, hold! Hold position..."
17:30:26.548     开始时间: 52.458s，持续时间: 2.700000000000003s
17:30:26.548  ✅ 成功添加文本元素 5: "All units, hold! Hold position..."
17:30:26.548  📝 处理文本元素 6/14:
17:30:26.548     内容: "No. No, no, no......"
17:30:26.548     开始时间: 72.258s
17:30:26.548     持续时间: 1.5s
17:30:26.548     类型: text
17:30:26.548  📝 添加字幕元素 6，跳过重叠检查
17:30:26.548     字幕内容: "No. No, no, no......"
17:30:26.548     开始时间: 72.258s，持续时间: 1.5s
17:30:26.549  ✅ 成功添加文本元素 6: "No. No, no, no......"
17:30:26.549  📝 处理文本元素 7/14:
17:30:26.549     内容: "Automated repair impossible. Manual override requi..."
17:30:26.549     开始时间: 76.258s
17:30:26.549     持续时间: 5.300000000000011s
17:30:26.549     类型: text
17:30:26.549  📝 添加字幕元素 7，跳过重叠检查
17:30:26.549     字幕内容: "Automated repair impossible. M..."
17:30:26.549     开始时间: 76.258s，持续时间: 5.300000000000011s
17:30:26.550  ✅ 成功添加文本元素 7: "Automated repair impossible. M..."
17:30:26.550  📝 处理文本元素 8/14:
17:30:26.550     内容: "My whole life... I trusted the numbers...."
17:30:26.550     开始时间: 82.258s
17:30:26.550     持续时间: 3s
17:30:26.550     类型: text
17:30:26.550  📝 添加字幕元素 8，跳过重叠检查
17:30:26.550     字幕内容: "My whole life... I trusted the..."
17:30:26.550     开始时间: 82.258s，持续时间: 3s
17:30:26.551  ✅ 成功添加文本元素 8: "My whole life... I trusted the..."
17:30:26.551  📝 处理文本元素 9/14:
17:30:26.551     内容: "The numbers said I was safe...."
17:30:26.551     开始时间: 85.758s
17:30:26.551     持续时间: 1.8000000000000114s
17:30:26.551     类型: text
17:30:26.551  📝 添加字幕元素 9，跳过重叠检查
17:30:26.551     字幕内容: "The numbers said I was safe...."
17:30:26.551     开始时间: 85.758s，持续时间: 1.8000000000000114s
17:30:26.552  ✅ 成功添加文本元素 9: "The numbers said I was safe...."
17:30:26.552  📝 处理文本元素 10/14:
17:30:26.553     内容: "The numbers said they were safe...."
17:30:26.553     开始时间: 87.758s
17:30:26.553     持续时间: 2s
17:30:26.553 ai-subtitle-integration.ts:95    类型: text
17:30:26.553 ai-subtitle-integration.ts:99 📝 添加字幕元素 10，跳过重叠检查
17:30:26.553 ai-subtitle-integration.ts:100    字幕内容: "The numbers said they were saf..."
17:30:26.553 ai-subtitle-integration.ts:101    开始时间: 87.758s，持续时间: 2s
17:30:26.553 ai-subtitle-integration.ts:114 ✅ 成功添加文本元素 10: "The numbers said they were saf..."
17:30:26.553 ai-subtitle-integration.ts:91 📝 处理文本元素 11/14:
17:30:26.553 ai-subtitle-integration.ts:92    内容: "Recommended action: Abort...."
17:30:26.553 ai-subtitle-integration.ts:93    开始时间: 93.258s
17:30:26.553 ai-subtitle-integration.ts:94    持续时间: 2.5s
17:30:26.553 ai-subtitle-integration.ts:95    类型: text
17:30:26.553 ai-subtitle-integration.ts:99 📝 添加字幕元素 11，跳过重叠检查
17:30:26.553 ai-subtitle-integration.ts:100    字幕内容: "Recommended action: Abort...."
17:30:26.554 ai-subtitle-integration.ts:101    开始时间: 93.258s，持续时间: 2.5s
17:30:26.554 ai-subtitle-integration.ts:114 ✅ 成功添加文本元素 11: "Recommended action: Abort...."
17:30:26.554 ai-subtitle-integration.ts:91 📝 处理文本元素 12/14:
17:30:26.554 ai-subtitle-integration.ts:92    内容: "The numbers are a lie. There's only what you do. A..."
17:30:26.554 ai-subtitle-integration.ts:93    开始时间: 108.558s
17:30:26.554 ai-subtitle-integration.ts:94    持续时间: 5s
17:30:26.554 ai-subtitle-integration.ts:95    类型: text
17:30:26.554 ai-subtitle-integration.ts:99 📝 添加字幕元素 12，跳过重叠检查
17:30:26.555 ai-subtitle-integration.ts:100    字幕内容: "The numbers are a lie. There's..."
17:30:26.555 ai-subtitle-integration.ts:101    开始时间: 108.558s，持续时间: 5s
17:30:26.555 ai-subtitle-integration.ts:114 ✅ 成功添加文本元素 12: "The numbers are a lie. There's..."
17:30:26.556 ai-subtitle-integration.ts:91 📝 处理文本元素 13/14:
17:30:26.556 ai-subtitle-integration.ts:92    内容: "Please. Just this once...."
17:30:26.556 ai-subtitle-integration.ts:93    开始时间: 129.09s
17:30:26.556 ai-subtitle-integration.ts:94    持续时间: 1.5999999999999943s
17:30:26.556 ai-subtitle-integration.ts:95    类型: text
17:30:26.556 ai-subtitle-integration.ts:99 📝 添加字幕元素 13，跳过重叠检查
17:30:26.556 ai-subtitle-integration.ts:100    字幕内容: "Please. Just this once...."
17:30:26.556 ai-subtitle-integration.ts:101    开始时间: 129.09s，持续时间: 1.5999999999999943s
17:30:26.556 ai-subtitle-integration.ts:114 ✅ 成功添加文本元素 13: "Please. Just this once...."
17:30:26.556 ai-subtitle-integration.ts:91 📝 处理文本元素 14/14:
17:30:26.556 ai-subtitle-integration.ts:92    内容: "Fly!..."
17:30:26.556 ai-subtitle-integration.ts:93    开始时间: 135.69s
17:30:26.556 ai-subtitle-integration.ts:94    持续时间: 0.5999999999999943s
17:30:26.556 ai-subtitle-integration.ts:95    类型: text
17:30:26.556 ai-subtitle-integration.ts:99 📝 添加字幕元素 14，跳过重叠检查
17:30:26.556 ai-subtitle-integration.ts:100    字幕内容: "Fly!..."
17:30:26.556 ai-subtitle-integration.ts:101    开始时间: 135.69s，持续时间: 0.5999999999999943s
17:30:26.557 ai-subtitle-integration.ts:114 ✅ 成功添加文本元素 14: "Fly!..."
17:30:26.557 ai-subtitle-integration.ts:121 📝 完成添加文本元素，成功: 14/14
17:30:26.557 ai-subtitle-integration.ts:160 ✅ 成功创建字幕轨道 "AI字幕"，添加了 14 个元素
17:30:26.557 ai-subtitle-integration.ts:166 🔍 验证: 轨道 "AI字幕" 包含 14 个元素
17:30:26.557 ai-editing-store.ts:751 ✅ 成功创建字幕轨道并添加 14 个字幕
17:30:26.558 ai-editing-store.ts:773 🎉 AI剪辑执行完成! 连续排列，智能处理CORS问题!
17:30:26.558 ai-editing-store.ts:774 📊 总时长: 145.13200000000003秒
17:30:26.558 ai-editing-store.ts:775 💾 下载结果: 22个本地文件, 0个远程URL
17:30:26.558 ai-editing-store.ts:776 📝 字幕结果: 14个字幕元素
17:30:27.988 video-player.tsx:204 📥 视频开始加载: 8d1e8ce2-45de-42f8-80eb-34380fed43c9
17:30:32.380 video-player.tsx:205 ✅ 视频可播放: 8d1e8ce2-45de-42f8-80eb-34380fed43c9
17:30:32.706 contentScript.bundle.js:162 isCacheTxt:false
17:31:19.438 turbopack-hot-reloader-common.ts:41 [Fast Refresh] rebuilding
17:31:19.463 report-hmr-latency.ts:26 [Fast Refresh] done in 257ms
17:31:21.067 contentScript.bundle.js:162 isCacheTxt:false
17:31:21.328 export-manager.ts:58 Export manager initialized with device info: {availableMemory: 4028996, cpuCores: 2, isLowEndDevice: false, networkSpeed: 'medium', isOnline: true, …}
17:31:21.328 editor-header.tsx:189 导出管理器初始化完成
17:31:21.330 ir-generator.ts:27 Generated IR for export: {width: 1920, height: 1080, fps: 30, duration: 145132.00000000003, video: Array(22), …}
17:31:21.330 editor-header.tsx:197 生成的IR: {width: 1920, height: 1080, fps: 30, duration: 145132.00000000003, video: Array(22), …}
17:31:21.330 editor-header.tsx:203 项目信息: 22个视频, 0个音频, 14个文本, 总时长145.1秒
17:31:21.331 ir-generator.ts:27 Generated IR for export: {width: 1920, height: 1080, fps: 30, duration: 145132.00000000003, video: Array(22), …}
17:31:21.331 export-manager.ts:79 🔧 调试模式：强制使用后端导出
17:31:21.332 export-manager.ts:80 IR数据: {videoCount: 22, audioCount: 0, textCount: 14, duration: 145132.00000000003, width: 1920, …}
17:31:21.332 export-manager.ts:104 🚀 使用后端导出策略: {method: 'backend', quality: 'standard', reason: '调试模式：强制后端导出', estimatedTime: 60, estimatedSize: 52428800, …}
17:31:21.332 export-manager.ts:120 📋 导出选项: {quality: 'standard', method: 'backend', format: 'mp4', codec: 'h264', subtitleMode: 'hard', …}
17:31:21.333 export-manager.ts:123 🎬 开始后端导出...
17:31:21.333 backend-exporter.ts:124 🚀 Starting export process...
17:31:21.333 backend-exporter.ts:125 IR: {videoCount: 22, duration: 145132.00000000003, textCount: 14}
17:31:21.334 backend-exporter.ts:197 🔍 Checking for AI clips...
17:31:21.334 backend-exporter.ts:201 AI editing store state: {hasCurrentEditingPlan: true, planKeys: Array(3)}
17:31:21.334 backend-exporter.ts:211 ✅ Found AI editing plan with 22 clips
17:31:21.335 backend-exporter.ts:215 📊 Timeline analysis: {hasVideoElements: true, hasTextElements: true, hasAudioElements: false, totalElements: 36, videoDuration: 145.13200000000003, …}
17:31:21.335 backend-exporter.ts:229 🎯 Enhanced AI data with timeline optimization hints
17:31:21.335 backend-exporter.ts:130 🔍 Found AI clips data, checking for incremental export opportunity...
17:31:21.335 backend-exporter.ts:133 ⚡ FORCING incremental AI export for performance optimization
17:31:21.336 backend-exporter.ts:134 📊 AI clips data: {hasClips: false, clipsCount: 0, hasOptimizationHints: true}
17:31:21.336 backend-exporter.ts:293 ⚡ Starting incremental AI export...
17:31:21.339 backend-exporter.ts:405 🔍 collectProcessedMediaData started: {videoElementsCount: 22, mediaItemsCount: 22}
17:31:21.340 backend-exporter.ts:418 🔍 Processing video element 176dde01-64be-4ca1-ad7a-19e9445e0d01: {mediaItemFound: true, hasFile: true, hasUrl: true, url: 'blob:http://localhost:3001/8d1e8ce2-45de-42f8-80eb-34380fed43c9', urlType: 'blob'}
17:31:21.340 backend-exporter.ts:437 📥 Processing blob URL from videoElement.src for 176dde01-64be-4ca1-ad7a-19e9445e0d01: blob:http://localhost:3001/8d1e8ce2-45de-42f8-80eb-34380fed43c9
17:31:23.533 backend-exporter.ts:455 ✅ Converted blob to Base64 for 176dde01-64be-4ca1-ad7a-19e9445e0d01: 4100352 chars
17:31:23.533 backend-exporter.ts:544 📊 Video element 176dde01-64be-4ca1-ad7a-19e9445e0d01 processing result: {hasLocalFile: true, hasValidFileData: true, isRemoteVideo: false, hasRemoteUrl: false, fileDataLength: 4100352}
17:31:23.533 backend-exporter.ts:418 🔍 Processing video element 87942d3b-0636-4fb5-85e1-38251c0449ac: {mediaItemFound: true, hasFile: true, hasUrl: true, url: 'blob:http://localhost:3001/b1288be4-0845-41a4-9e16-4641653ce34b', urlType: 'blob'}
17:31:23.533 backend-exporter.ts:437 📥 Processing blob URL from videoElement.src for 87942d3b-0636-4fb5-85e1-38251c0449ac: blob:http://localhost:3001/b1288be4-0845-41a4-9e16-4641653ce34b
17:31:24.729 backend-exporter.ts:455 ✅ Converted blob to Base64 for 87942d3b-0636-4fb5-85e1-38251c0449ac: 2489184 chars
17:31:24.730 backend-exporter.ts:544 📊 Video element 87942d3b-0636-4fb5-85e1-38251c0449ac processing result: {hasLocalFile: true, hasValidFileData: true, isRemoteVideo: false, hasRemoteUrl: false, fileDataLength: 2489184}
17:31:24.731 backend-exporter.ts:418 🔍 Processing video element d1e23f2f-34c0-4c87-be6d-03d7e9e0d698: {mediaItemFound: true, hasFile: true, hasUrl: true, url: 'blob:http://localhost:3001/fc7896b8-e442-4183-8535-06f507672e2b', urlType: 'blob'}
17:31:24.732 backend-exporter.ts:437 📥 Processing blob URL from videoElement.src for d1e23f2f-34c0-4c87-be6d-03d7e9e0d698: blob:http://localhost:3001/fc7896b8-e442-4183-8535-06f507672e2b
17:31:25.347 VM214 projects:157 Fetch 已完成加载：GET“blob:http://localhost:3001/8d1e8ce2-45de-42f8-80eb-34380fed43c9”。
window.fetch @ VM214 projects:157
collectProcessedMediaData @ backend-exporter.ts:438
streamExportIncrementalAI @ backend-exporter.ts:303
streamExport @ backend-exporter.ts:141
await in streamExport
exportWithProgress @ backend-exporter.ts:110
smartExport @ export-manager.ts:124
await in smartExport
handleExport @ editor-header.tsx:206
await in handleExport
executeDispatch @ react-dom-client.development.js:16921
runWithFiberInDEV @ react-dom-client.development.js:872
processDispatchQueue @ react-dom-client.development.js:16971
（匿名） @ react-dom-client.development.js:17572
batchedUpdates$1 @ react-dom-client.development.js:3312
dispatchEventForPluginEventSystem @ react-dom-client.development.js:17125
dispatchEvent @ react-dom-client.development.js:21308
dispatchDiscreteEvent @ react-dom-client.development.js:21276
17:31:25.870 VM214 projects:157 Fetch 已完成加载：GET“blob:http://localhost:3001/b1288be4-0845-41a4-9e16-4641653ce34b”。
window.fetch @ VM214 projects:157
collectProcessedMediaData @ backend-exporter.ts:438
await in collectProcessedMediaData
streamExportIncrementalAI @ backend-exporter.ts:303
streamExport @ backend-exporter.ts:141
await in streamExport
exportWithProgress @ backend-exporter.ts:110
smartExport @ export-manager.ts:124
await in smartExport
handleExport @ editor-header.tsx:206
await in handleExport
executeDispatch @ react-dom-client.development.js:16921
runWithFiberInDEV @ react-dom-client.development.js:872
processDispatchQueue @ react-dom-client.development.js:16971
（匿名） @ react-dom-client.development.js:17572
batchedUpdates$1 @ react-dom-client.development.js:3312
dispatchEventForPluginEventSystem @ react-dom-client.development.js:17125
dispatchEvent @ react-dom-client.development.js:21308
dispatchDiscreteEvent @ react-dom-client.development.js:21276
17:31:25.900 VM214 projects:157 Fetch 已完成加载：GET“blob:http://localhost:3001/fc7896b8-e442-4183-8535-06f507672e2b”。
window.fetch @ VM214 projects:157
collectProcessedMediaData @ backend-exporter.ts:438
await in collectProcessedMediaData
streamExportIncrementalAI @ backend-exporter.ts:303
streamExport @ backend-exporter.ts:141
await in streamExport
exportWithProgress @ backend-exporter.ts:110
smartExport @ export-manager.ts:124
await in smartExport
handleExport @ editor-header.tsx:206
await in handleExport
executeDispatch @ react-dom-client.development.js:16921
runWithFiberInDEV @ react-dom-client.development.js:872
processDispatchQueue @ react-dom-client.development.js:16971
（匿名） @ react-dom-client.development.js:17572
batchedUpdates$1 @ react-dom-client.development.js:3312
dispatchEventForPluginEventSystem @ react-dom-client.development.js:17125
dispatchEvent @ react-dom-client.development.js:21308
dispatchDiscreteEvent @ react-dom-client.development.js:21276
17:31:26.441 backend-exporter.ts:455 ✅ Converted blob to Base64 for d1e23f2f-34c0-4c87-be6d-03d7e9e0d698: 5868628 chars
17:31:26.448 backend-exporter.ts:544 📊 Video element d1e23f2f-34c0-4c87-be6d-03d7e9e0d698 processing result: {hasLocalFile: true, hasValidFileData: true, isRemoteVideo: false, hasRemoteUrl: false, fileDataLength: 5868628}
17:31:26.452 backend-exporter.ts:418 🔍 Processing video element c2bb64f3-0767-46cc-b63d-f91254466b20: {mediaItemFound: true, hasFile: true, hasUrl: true, url: 'blob:http://localhost:3001/575d893a-54ba-485b-be89-3e8c56961c2f', urlType: 'blob'}
17:31:26.453 backend-exporter.ts:437 📥 Processing blob URL from videoElement.src for c2bb64f3-0767-46cc-b63d-f91254466b20: blob:http://localhost:3001/575d893a-54ba-485b-be89-3e8c56961c2f
17:31:26.930 backend-exporter.ts:455 ✅ Converted blob to Base64 for c2bb64f3-0767-46cc-b63d-f91254466b20: 1768884 chars
17:31:26.930 backend-exporter.ts:544 📊 Video element c2bb64f3-0767-46cc-b63d-f91254466b20 processing result: {hasLocalFile: true, hasValidFileData: true, isRemoteVideo: false, hasRemoteUrl: false, fileDataLength: 1768884}
17:31:26.930 backend-exporter.ts:418 🔍 Processing video element eb6652d8-4877-4fbf-b989-dc2cd29d949e: {mediaItemFound: true, hasFile: true, hasUrl: true, url: 'blob:http://localhost:3001/c5cb2f92-c814-4f3a-8755-2f3cf84dd402', urlType: 'blob'}
17:31:26.931 backend-exporter.ts:437 📥 Processing blob URL from videoElement.src for eb6652d8-4877-4fbf-b989-dc2cd29d949e: blob:http://localhost:3001/c5cb2f92-c814-4f3a-8755-2f3cf84dd402
17:31:27.294 VM214 projects:157 Fetch 已完成加载：GET“blob:http://localhost:3001/575d893a-54ba-485b-be89-3e8c56961c2f”。
window.fetch @ VM214 projects:157
collectProcessedMediaData @ backend-exporter.ts:438
await in collectProcessedMediaData
streamExportIncrementalAI @ backend-exporter.ts:303
streamExport @ backend-exporter.ts:141
await in streamExport
exportWithProgress @ backend-exporter.ts:110
smartExport @ export-manager.ts:124
await in smartExport
handleExport @ editor-header.tsx:206
await in handleExport
executeDispatch @ react-dom-client.development.js:16921
runWithFiberInDEV @ react-dom-client.development.js:872
processDispatchQueue @ react-dom-client.development.js:16971
（匿名） @ react-dom-client.development.js:17572
batchedUpdates$1 @ react-dom-client.development.js:3312
dispatchEventForPluginEventSystem @ react-dom-client.development.js:17125
dispatchEvent @ react-dom-client.development.js:21308
dispatchDiscreteEvent @ react-dom-client.development.js:21276
17:31:27.455 VM214 projects:157 Fetch 已完成加载：GET“blob:http://localhost:3001/c5cb2f92-c814-4f3a-8755-2f3cf84dd402”。
window.fetch @ VM214 projects:157
collectProcessedMediaData @ backend-exporter.ts:438
await in collectProcessedMediaData
streamExportIncrementalAI @ backend-exporter.ts:303
streamExport @ backend-exporter.ts:141
await in streamExport
exportWithProgress @ backend-exporter.ts:110
smartExport @ export-manager.ts:124
await in smartExport
handleExport @ editor-header.tsx:206
await in handleExport
executeDispatch @ react-dom-client.development.js:16921
runWithFiberInDEV @ react-dom-client.development.js:872
processDispatchQueue @ react-dom-client.development.js:16971
（匿名） @ react-dom-client.development.js:17572
batchedUpdates$1 @ react-dom-client.development.js:3312
dispatchEventForPluginEventSystem @ react-dom-client.development.js:17125
dispatchEvent @ react-dom-client.development.js:21308
dispatchDiscreteEvent @ react-dom-client.development.js:21276
17:31:27.619 backend-exporter.ts:455 ✅ Converted blob to Base64 for eb6652d8-4877-4fbf-b989-dc2cd29d949e: 6281144 chars
17:31:27.845 backend-exporter.ts:544 📊 Video element eb6652d8-4877-4fbf-b989-dc2cd29d949e processing result: {hasLocalFile: true, hasValidFileData: true, isRemoteVideo: false, hasRemoteUrl: false, fileDataLength: 6281144}
17:31:27.868 backend-exporter.ts:418 🔍 Processing video element ea3988cf-db64-46a0-9847-39fc3f0609d2: {mediaItemFound: true, hasFile: true, hasUrl: true, url: 'blob:http://localhost:3001/4269fee4-da94-4ad3-8306-d43b33a9271a', urlType: 'blob'}
17:31:27.944 backend-exporter.ts:437 📥 Processing blob URL from videoElement.src for ea3988cf-db64-46a0-9847-39fc3f0609d2: blob:http://localhost:3001/4269fee4-da94-4ad3-8306-d43b33a9271a
17:31:29.144 backend-exporter.ts:455 ✅ Converted blob to Base64 for ea3988cf-db64-46a0-9847-39fc3f0609d2: 4800184 chars
17:31:29.144 backend-exporter.ts:544 📊 Video element ea3988cf-db64-46a0-9847-39fc3f0609d2 processing result: {hasLocalFile: true, hasValidFileData: true, isRemoteVideo: false, hasRemoteUrl: false, fileDataLength: 4800184}
17:31:29.144 backend-exporter.ts:418 🔍 Processing video element be7e115a-bd10-47c3-b8f6-8d20b36b58e7: {mediaItemFound: true, hasFile: true, hasUrl: true, url: 'blob:http://localhost:3001/975d6ce8-d4cb-4ea2-b928-4b5e36a1ed9c', urlType: 'blob'}
17:31:29.144 backend-exporter.ts:437 📥 Processing blob URL from videoElement.src for be7e115a-bd10-47c3-b8f6-8d20b36b58e7: blob:http://localhost:3001/975d6ce8-d4cb-4ea2-b928-4b5e36a1ed9c
17:31:29.562 VM214 projects:157 Fetch 已完成加载：GET“blob:http://localhost:3001/4269fee4-da94-4ad3-8306-d43b33a9271a”。
window.fetch @ VM214 projects:157
collectProcessedMediaData @ backend-exporter.ts:438
await in collectProcessedMediaData
streamExportIncrementalAI @ backend-exporter.ts:303
streamExport @ backend-exporter.ts:141
await in streamExport
exportWithProgress @ backend-exporter.ts:110
smartExport @ export-manager.ts:124
await in smartExport
handleExport @ editor-header.tsx:206
await in handleExport
executeDispatch @ react-dom-client.development.js:16921
runWithFiberInDEV @ react-dom-client.development.js:872
processDispatchQueue @ react-dom-client.development.js:16971
（匿名） @ react-dom-client.development.js:17572
batchedUpdates$1 @ react-dom-client.development.js:3312
dispatchEventForPluginEventSystem @ react-dom-client.development.js:17125
dispatchEvent @ react-dom-client.development.js:21308
dispatchDiscreteEvent @ react-dom-client.development.js:21276
17:31:29.596 VM214 projects:157 Fetch 已完成加载：GET“blob:http://localhost:3001/975d6ce8-d4cb-4ea2-b928-4b5e36a1ed9c”。
window.fetch @ VM214 projects:157
collectProcessedMediaData @ backend-exporter.ts:438
await in collectProcessedMediaData
streamExportIncrementalAI @ backend-exporter.ts:303
streamExport @ backend-exporter.ts:141
await in streamExport
exportWithProgress @ backend-exporter.ts:110
smartExport @ export-manager.ts:124
await in smartExport
handleExport @ editor-header.tsx:206
await in handleExport
executeDispatch @ react-dom-client.development.js:16921
runWithFiberInDEV @ react-dom-client.development.js:872
processDispatchQueue @ react-dom-client.development.js:16971
（匿名） @ react-dom-client.development.js:17572
batchedUpdates$1 @ react-dom-client.development.js:3312
dispatchEventForPluginEventSystem @ react-dom-client.development.js:17125
dispatchEvent @ react-dom-client.development.js:21308
dispatchDiscreteEvent @ react-dom-client.development.js:21276
17:31:29.965 backend-exporter.ts:455 ✅ Converted blob to Base64 for be7e115a-bd10-47c3-b8f6-8d20b36b58e7: 9899208 chars
17:31:29.966 backend-exporter.ts:544 📊 Video element be7e115a-bd10-47c3-b8f6-8d20b36b58e7 processing result: {hasLocalFile: true, hasValidFileData: true, isRemoteVideo: false, hasRemoteUrl: false, fileDataLength: 9899208}
17:31:29.966 backend-exporter.ts:418 🔍 Processing video element 9d374f88-c977-437a-8bda-fad43e471251: {mediaItemFound: true, hasFile: true, hasUrl: true, url: 'blob:http://localhost:3001/f6aff719-b53c-43a9-b965-0045962a3270', urlType: 'blob'}
17:31:29.968 backend-exporter.ts:437 📥 Processing blob URL from videoElement.src for 9d374f88-c977-437a-8bda-fad43e471251: blob:http://localhost:3001/f6aff719-b53c-43a9-b965-0045962a3270
17:31:30.017 VM214 projects:157 Fetch 已完成加载：GET“blob:http://localhost:3001/f6aff719-b53c-43a9-b965-0045962a3270”。
window.fetch @ VM214 projects:157
collectProcessedMediaData @ backend-exporter.ts:438
await in collectProcessedMediaData
streamExportIncrementalAI @ backend-exporter.ts:303
streamExport @ backend-exporter.ts:141
await in streamExport
exportWithProgress @ backend-exporter.ts:110
smartExport @ export-manager.ts:124
await in smartExport
handleExport @ editor-header.tsx:206
await in handleExport
executeDispatch @ react-dom-client.development.js:16921
runWithFiberInDEV @ react-dom-client.development.js:872
processDispatchQueue @ react-dom-client.development.js:16971
（匿名） @ react-dom-client.development.js:17572
batchedUpdates$1 @ react-dom-client.development.js:3312
dispatchEventForPluginEventSystem @ react-dom-client.development.js:17125
dispatchEvent @ react-dom-client.development.js:21308
dispatchDiscreteEvent @ react-dom-client.development.js:21276
17:31:30.430 backend-exporter.ts:455 ✅ Converted blob to Base64 for 9d374f88-c977-437a-8bda-fad43e471251: 3511900 chars
17:31:30.430 backend-exporter.ts:544 📊 Video element 9d374f88-c977-437a-8bda-fad43e471251 processing result: {hasLocalFile: true, hasValidFileData: true, isRemoteVideo: false, hasRemoteUrl: false, fileDataLength: 3511900}
17:31:30.431 backend-exporter.ts:418 🔍 Processing video element 77e955a0-0e26-45ac-b5c4-bb8313b62358: {mediaItemFound: true, hasFile: true, hasUrl: true, url: 'blob:http://localhost:3001/6a978f0f-1deb-487e-b96e-bfaa5a8daf45', urlType: 'blob'}
17:31:30.431 backend-exporter.ts:437 📥 Processing blob URL from videoElement.src for 77e955a0-0e26-45ac-b5c4-bb8313b62358: blob:http://localhost:3001/6a978f0f-1deb-487e-b96e-bfaa5a8daf45
17:31:30.462 VM214 projects:157 Fetch 已完成加载：GET“blob:http://localhost:3001/6a978f0f-1deb-487e-b96e-bfaa5a8daf45”。
window.fetch @ VM214 projects:157
collectProcessedMediaData @ backend-exporter.ts:438
await in collectProcessedMediaData
streamExportIncrementalAI @ backend-exporter.ts:303
streamExport @ backend-exporter.ts:141
await in streamExport
exportWithProgress @ backend-exporter.ts:110
smartExport @ export-manager.ts:124
await in smartExport
handleExport @ editor-header.tsx:206
await in handleExport
executeDispatch @ react-dom-client.development.js:16921
runWithFiberInDEV @ react-dom-client.development.js:872
processDispatchQueue @ react-dom-client.development.js:16971
（匿名） @ react-dom-client.development.js:17572
batchedUpdates$1 @ react-dom-client.development.js:3312
dispatchEventForPluginEventSystem @ react-dom-client.development.js:17125
dispatchEvent @ react-dom-client.development.js:21308
dispatchDiscreteEvent @ react-dom-client.development.js:21276
17:31:30.730 backend-exporter.ts:455 ✅ Converted blob to Base64 for 77e955a0-0e26-45ac-b5c4-bb8313b62358: 3010444 chars
17:31:30.731 backend-exporter.ts:544 📊 Video element 77e955a0-0e26-45ac-b5c4-bb8313b62358 processing result: {hasLocalFile: true, hasValidFileData: true, isRemoteVideo: false, hasRemoteUrl: false, fileDataLength: 3010444}
17:31:30.731 backend-exporter.ts:418 🔍 Processing video element 7f8a4ef7-db60-4e24-8544-d2565696e760: {mediaItemFound: true, hasFile: true, hasUrl: true, url: 'blob:http://localhost:3001/5fced833-d6ef-451d-8f96-4ef940b72680', urlType: 'blob'}
17:31:30.731 backend-exporter.ts:437 📥 Processing blob URL from videoElement.src for 7f8a4ef7-db60-4e24-8544-d2565696e760: blob:http://localhost:3001/5fced833-d6ef-451d-8f96-4ef940b72680
17:31:30.758 VM214 projects:157 Fetch 已完成加载：GET“blob:http://localhost:3001/5fced833-d6ef-451d-8f96-4ef940b72680”。
window.fetch @ VM214 projects:157
collectProcessedMediaData @ backend-exporter.ts:438
await in collectProcessedMediaData
streamExportIncrementalAI @ backend-exporter.ts:303
streamExport @ backend-exporter.ts:141
await in streamExport
exportWithProgress @ backend-exporter.ts:110
smartExport @ export-manager.ts:124
await in smartExport
handleExport @ editor-header.tsx:206
await in handleExport
executeDispatch @ react-dom-client.development.js:16921
runWithFiberInDEV @ react-dom-client.development.js:872
processDispatchQueue @ react-dom-client.development.js:16971
（匿名） @ react-dom-client.development.js:17572
batchedUpdates$1 @ react-dom-client.development.js:3312
dispatchEventForPluginEventSystem @ react-dom-client.development.js:17125
dispatchEvent @ react-dom-client.development.js:21308
dispatchDiscreteEvent @ react-dom-client.development.js:21276
17:31:30.957 backend-exporter.ts:455 ✅ Converted blob to Base64 for 7f8a4ef7-db60-4e24-8544-d2565696e760: 2426228 chars
17:31:30.957 backend-exporter.ts:544 📊 Video element 7f8a4ef7-db60-4e24-8544-d2565696e760 processing result: {hasLocalFile: true, hasValidFileData: true, isRemoteVideo: false, hasRemoteUrl: false, fileDataLength: 2426228}
17:31:30.958 backend-exporter.ts:418 🔍 Processing video element c0ec5ffd-4bea-4f26-9f31-b418fb3ea927: {mediaItemFound: true, hasFile: true, hasUrl: true, url: 'blob:http://localhost:3001/f7944f60-025f-4be0-865c-a0fbee46272f', urlType: 'blob'}
17:31:30.958 backend-exporter.ts:437 📥 Processing blob URL from videoElement.src for c0ec5ffd-4bea-4f26-9f31-b418fb3ea927: blob:http://localhost:3001/f7944f60-025f-4be0-865c-a0fbee46272f
17:31:31.008 VM214 projects:157 Fetch 已完成加载：GET“blob:http://localhost:3001/f7944f60-025f-4be0-865c-a0fbee46272f”。
window.fetch @ VM214 projects:157
collectProcessedMediaData @ backend-exporter.ts:438
await in collectProcessedMediaData
streamExportIncrementalAI @ backend-exporter.ts:303
streamExport @ backend-exporter.ts:141
await in streamExport
exportWithProgress @ backend-exporter.ts:110
smartExport @ export-manager.ts:124
await in smartExport
handleExport @ editor-header.tsx:206
await in handleExport
executeDispatch @ react-dom-client.development.js:16921
runWithFiberInDEV @ react-dom-client.development.js:872
processDispatchQueue @ react-dom-client.development.js:16971
（匿名） @ react-dom-client.development.js:17572
batchedUpdates$1 @ react-dom-client.development.js:3312
dispatchEventForPluginEventSystem @ react-dom-client.development.js:17125
dispatchEvent @ react-dom-client.development.js:21308
dispatchDiscreteEvent @ react-dom-client.development.js:21276
17:31:31.285 backend-exporter.ts:455 ✅ Converted blob to Base64 for c0ec5ffd-4bea-4f26-9f31-b418fb3ea927: 1788576 chars
17:31:31.287 backend-exporter.ts:544 📊 Video element c0ec5ffd-4bea-4f26-9f31-b418fb3ea927 processing result: {hasLocalFile: true, hasValidFileData: true, isRemoteVideo: false, hasRemoteUrl: false, fileDataLength: 1788576}
17:31:31.288 backend-exporter.ts:418 🔍 Processing video element 65fd3222-fde6-4c64-afcf-a6b6962fe2a0: {mediaItemFound: true, hasFile: true, hasUrl: true, url: 'blob:http://localhost:3001/7a18769f-5433-49a0-8f0c-977af718ead7', urlType: 'blob'}
17:31:31.288 backend-exporter.ts:437 📥 Processing blob URL from videoElement.src for 65fd3222-fde6-4c64-afcf-a6b6962fe2a0: blob:http://localhost:3001/7a18769f-5433-49a0-8f0c-977af718ead7
17:31:31.311 VM214 projects:157 Fetch 已完成加载：GET“blob:http://localhost:3001/7a18769f-5433-49a0-8f0c-977af718ead7”。
window.fetch @ VM214 projects:157
collectProcessedMediaData @ backend-exporter.ts:438
await in collectProcessedMediaData
streamExportIncrementalAI @ backend-exporter.ts:303
streamExport @ backend-exporter.ts:141
await in streamExport
exportWithProgress @ backend-exporter.ts:110
smartExport @ export-manager.ts:124
await in smartExport
handleExport @ editor-header.tsx:206
await in handleExport
executeDispatch @ react-dom-client.development.js:16921
runWithFiberInDEV @ react-dom-client.development.js:872
processDispatchQueue @ react-dom-client.development.js:16971
（匿名） @ react-dom-client.development.js:17572
batchedUpdates$1 @ react-dom-client.development.js:3312
dispatchEventForPluginEventSystem @ react-dom-client.development.js:17125
dispatchEvent @ react-dom-client.development.js:21308
dispatchDiscreteEvent @ react-dom-client.development.js:21276
17:31:31.517 backend-exporter.ts:455 ✅ Converted blob to Base64 for 65fd3222-fde6-4c64-afcf-a6b6962fe2a0: 1911792 chars
17:31:31.517 backend-exporter.ts:544 📊 Video element 65fd3222-fde6-4c64-afcf-a6b6962fe2a0 processing result: {hasLocalFile: true, hasValidFileData: true, isRemoteVideo: false, hasRemoteUrl: false, fileDataLength: 1911792}
17:31:31.517 backend-exporter.ts:418 🔍 Processing video element ee175184-2416-48a9-977b-829f129b6d08: {mediaItemFound: true, hasFile: true, hasUrl: true, url: 'blob:http://localhost:3001/f84195e9-2520-4859-962e-f9c78fe09e35', urlType: 'blob'}
17:31:31.519 backend-exporter.ts:437 📥 Processing blob URL from videoElement.src for ee175184-2416-48a9-977b-829f129b6d08: blob:http://localhost:3001/f84195e9-2520-4859-962e-f9c78fe09e35
17:31:31.542 VM214 projects:157 Fetch 已完成加载：GET“blob:http://localhost:3001/f84195e9-2520-4859-962e-f9c78fe09e35”。
window.fetch @ VM214 projects:157
collectProcessedMediaData @ backend-exporter.ts:438
await in collectProcessedMediaData
streamExportIncrementalAI @ backend-exporter.ts:303
streamExport @ backend-exporter.ts:141
await in streamExport
exportWithProgress @ backend-exporter.ts:110
smartExport @ export-manager.ts:124
await in smartExport
handleExport @ editor-header.tsx:206
await in handleExport
executeDispatch @ react-dom-client.development.js:16921
runWithFiberInDEV @ react-dom-client.development.js:872
processDispatchQueue @ react-dom-client.development.js:16971
（匿名） @ react-dom-client.development.js:17572
batchedUpdates$1 @ react-dom-client.development.js:3312
dispatchEventForPluginEventSystem @ react-dom-client.development.js:17125
dispatchEvent @ react-dom-client.development.js:21308
dispatchDiscreteEvent @ react-dom-client.development.js:21276
17:31:31.777 backend-exporter.ts:455 ✅ Converted blob to Base64 for ee175184-2416-48a9-977b-829f129b6d08: 1955416 chars
17:31:31.777 backend-exporter.ts:544 📊 Video element ee175184-2416-48a9-977b-829f129b6d08 processing result: {hasLocalFile: true, hasValidFileData: true, isRemoteVideo: false, hasRemoteUrl: false, fileDataLength: 1955416}
17:31:31.777 backend-exporter.ts:418 🔍 Processing video element 4930224a-0051-4aeb-a567-60860e238cef: {mediaItemFound: true, hasFile: true, hasUrl: true, url: 'blob:http://localhost:3001/c9d3b030-0399-425a-a67a-e56be277e658', urlType: 'blob'}
17:31:31.778 backend-exporter.ts:437 📥 Processing blob URL from videoElement.src for 4930224a-0051-4aeb-a567-60860e238cef: blob:http://localhost:3001/c9d3b030-0399-425a-a67a-e56be277e658
17:31:31.804 VM214 projects:157 Fetch 已完成加载：GET“blob:http://localhost:3001/c9d3b030-0399-425a-a67a-e56be277e658”。
window.fetch @ VM214 projects:157
collectProcessedMediaData @ backend-exporter.ts:438
await in collectProcessedMediaData
streamExportIncrementalAI @ backend-exporter.ts:303
streamExport @ backend-exporter.ts:141
await in streamExport
exportWithProgress @ backend-exporter.ts:110
smartExport @ export-manager.ts:124
await in smartExport
handleExport @ editor-header.tsx:206
await in handleExport
executeDispatch @ react-dom-client.development.js:16921
runWithFiberInDEV @ react-dom-client.development.js:872
processDispatchQueue @ react-dom-client.development.js:16971
（匿名） @ react-dom-client.development.js:17572
batchedUpdates$1 @ react-dom-client.development.js:3312
dispatchEventForPluginEventSystem @ react-dom-client.development.js:17125
dispatchEvent @ react-dom-client.development.js:21308
dispatchDiscreteEvent @ react-dom-client.development.js:21276
17:31:31.927 backend-exporter.ts:455 ✅ Converted blob to Base64 for 4930224a-0051-4aeb-a567-60860e238cef: 2892024 chars
17:31:31.927 backend-exporter.ts:544 📊 Video element 4930224a-0051-4aeb-a567-60860e238cef processing result: {hasLocalFile: true, hasValidFileData: true, isRemoteVideo: false, hasRemoteUrl: false, fileDataLength: 2892024}
17:31:31.927 backend-exporter.ts:418 🔍 Processing video element 31d3d803-cc8f-4971-a4ce-d1644e854cd7: {mediaItemFound: true, hasFile: true, hasUrl: true, url: 'blob:http://localhost:3001/d857393c-bd16-4352-a052-65be2c6c82ae', urlType: 'blob'}
17:31:31.928 backend-exporter.ts:437 📥 Processing blob URL from videoElement.src for 31d3d803-cc8f-4971-a4ce-d1644e854cd7: blob:http://localhost:3001/d857393c-bd16-4352-a052-65be2c6c82ae
17:31:32.177 VM214 projects:157 Fetch 已完成加载：GET“blob:http://localhost:3001/d857393c-bd16-4352-a052-65be2c6c82ae”。
window.fetch @ VM214 projects:157
collectProcessedMediaData @ backend-exporter.ts:438
await in collectProcessedMediaData
streamExportIncrementalAI @ backend-exporter.ts:303
streamExport @ backend-exporter.ts:141
await in streamExport
exportWithProgress @ backend-exporter.ts:110
smartExport @ export-manager.ts:124
await in smartExport
handleExport @ editor-header.tsx:206
await in handleExport
executeDispatch @ react-dom-client.development.js:16921
runWithFiberInDEV @ react-dom-client.development.js:872
processDispatchQueue @ react-dom-client.development.js:16971
（匿名） @ react-dom-client.development.js:17572
batchedUpdates$1 @ react-dom-client.development.js:3312
dispatchEventForPluginEventSystem @ react-dom-client.development.js:17125
dispatchEvent @ react-dom-client.development.js:21308
dispatchDiscreteEvent @ react-dom-client.development.js:21276
17:31:32.281 backend-exporter.ts:455 ✅ Converted blob to Base64 for 31d3d803-cc8f-4971-a4ce-d1644e854cd7: 2170136 chars
17:31:32.282 backend-exporter.ts:544 📊 Video element 31d3d803-cc8f-4971-a4ce-d1644e854cd7 processing result: {hasLocalFile: true, hasValidFileData: true, isRemoteVideo: false, hasRemoteUrl: false, fileDataLength: 2170136}
17:31:32.282 backend-exporter.ts:418 🔍 Processing video element 96f99e8d-bccb-43a2-bd55-f478ffc34cfa: {mediaItemFound: true, hasFile: true, hasUrl: true, url: 'blob:http://localhost:3001/a417bca5-bc89-4b41-8f9d-4a790fe4941e', urlType: 'blob'}
17:31:32.282 backend-exporter.ts:437 📥 Processing blob URL from videoElement.src for 96f99e8d-bccb-43a2-bd55-f478ffc34cfa: blob:http://localhost:3001/a417bca5-bc89-4b41-8f9d-4a790fe4941e
17:31:32.305 VM214 projects:157 Fetch 已完成加载：GET“blob:http://localhost:3001/a417bca5-bc89-4b41-8f9d-4a790fe4941e”。
window.fetch @ VM214 projects:157
collectProcessedMediaData @ backend-exporter.ts:438
await in collectProcessedMediaData
streamExportIncrementalAI @ backend-exporter.ts:303
streamExport @ backend-exporter.ts:141
await in streamExport
exportWithProgress @ backend-exporter.ts:110
smartExport @ export-manager.ts:124
await in smartExport
handleExport @ editor-header.tsx:206
await in handleExport
executeDispatch @ react-dom-client.development.js:16921
runWithFiberInDEV @ react-dom-client.development.js:872
processDispatchQueue @ react-dom-client.development.js:16971
（匿名） @ react-dom-client.development.js:17572
batchedUpdates$1 @ react-dom-client.development.js:3312
dispatchEventForPluginEventSystem @ react-dom-client.development.js:17125
dispatchEvent @ react-dom-client.development.js:21308
dispatchDiscreteEvent @ react-dom-client.development.js:21276
17:31:32.429 backend-exporter.ts:455 ✅ Converted blob to Base64 for 96f99e8d-bccb-43a2-bd55-f478ffc34cfa: 1834396 chars
17:31:32.429 backend-exporter.ts:544 📊 Video element 96f99e8d-bccb-43a2-bd55-f478ffc34cfa processing result: {hasLocalFile: true, hasValidFileData: true, isRemoteVideo: false, hasRemoteUrl: false, fileDataLength: 1834396}
17:31:32.429 backend-exporter.ts:418 🔍 Processing video element 966124ee-fe33-4efb-bfa1-e084343de700: {mediaItemFound: true, hasFile: true, hasUrl: true, url: 'blob:http://localhost:3001/d3d2920f-77a2-4f5c-a914-cc71046aadc9', urlType: 'blob'}
17:31:32.430 backend-exporter.ts:437 📥 Processing blob URL from videoElement.src for 966124ee-fe33-4efb-bfa1-e084343de700: blob:http://localhost:3001/d3d2920f-77a2-4f5c-a914-cc71046aadc9
17:31:32.484 VM214 projects:157 Fetch 已完成加载：GET“blob:http://localhost:3001/d3d2920f-77a2-4f5c-a914-cc71046aadc9”。
window.fetch @ VM214 projects:157
collectProcessedMediaData @ backend-exporter.ts:438
await in collectProcessedMediaData
streamExportIncrementalAI @ backend-exporter.ts:303
streamExport @ backend-exporter.ts:141
await in streamExport
exportWithProgress @ backend-exporter.ts:110
smartExport @ export-manager.ts:124
await in smartExport
handleExport @ editor-header.tsx:206
await in handleExport
executeDispatch @ react-dom-client.development.js:16921
runWithFiberInDEV @ react-dom-client.development.js:872
processDispatchQueue @ react-dom-client.development.js:16971
（匿名） @ react-dom-client.development.js:17572
batchedUpdates$1 @ react-dom-client.development.js:3312
dispatchEventForPluginEventSystem @ react-dom-client.development.js:17125
dispatchEvent @ react-dom-client.development.js:21308
dispatchDiscreteEvent @ react-dom-client.development.js:21276
17:31:32.676 backend-exporter.ts:455 ✅ Converted blob to Base64 for 966124ee-fe33-4efb-bfa1-e084343de700: 1798704 chars
17:31:32.677 backend-exporter.ts:544 📊 Video element 966124ee-fe33-4efb-bfa1-e084343de700 processing result: {hasLocalFile: true, hasValidFileData: true, isRemoteVideo: false, hasRemoteUrl: false, fileDataLength: 1798704}
17:31:32.677 backend-exporter.ts:418 🔍 Processing video element 9757cbbf-7a96-45dd-b799-9ab7671fc2a5: {mediaItemFound: true, hasFile: true, hasUrl: true, url: 'blob:http://localhost:3001/90cbca08-7cdc-4335-96a1-eeca9b8f8804', urlType: 'blob'}
17:31:32.678 backend-exporter.ts:437 📥 Processing blob URL from videoElement.src for 9757cbbf-7a96-45dd-b799-9ab7671fc2a5: blob:http://localhost:3001/90cbca08-7cdc-4335-96a1-eeca9b8f8804
17:31:32.965 VM214 projects:157 Fetch 已完成加载：GET“blob:http://localhost:3001/90cbca08-7cdc-4335-96a1-eeca9b8f8804”。
window.fetch @ VM214 projects:157
collectProcessedMediaData @ backend-exporter.ts:438
await in collectProcessedMediaData
streamExportIncrementalAI @ backend-exporter.ts:303
streamExport @ backend-exporter.ts:141
await in streamExport
exportWithProgress @ backend-exporter.ts:110
smartExport @ export-manager.ts:124
await in smartExport
handleExport @ editor-header.tsx:206
await in handleExport
executeDispatch @ react-dom-client.development.js:16921
runWithFiberInDEV @ react-dom-client.development.js:872
processDispatchQueue @ react-dom-client.development.js:16971
（匿名） @ react-dom-client.development.js:17572
batchedUpdates$1 @ react-dom-client.development.js:3312
dispatchEventForPluginEventSystem @ react-dom-client.development.js:17125
dispatchEvent @ react-dom-client.development.js:21308
dispatchDiscreteEvent @ react-dom-client.development.js:21276
17:31:33.349 backend-exporter.ts:455 ✅ Converted blob to Base64 for 9757cbbf-7a96-45dd-b799-9ab7671fc2a5: 2903256 chars
17:31:33.349 backend-exporter.ts:544 📊 Video element 9757cbbf-7a96-45dd-b799-9ab7671fc2a5 processing result: {hasLocalFile: true, hasValidFileData: true, isRemoteVideo: false, hasRemoteUrl: false, fileDataLength: 2903256}
17:31:33.350 backend-exporter.ts:418 🔍 Processing video element 8ed22ab8-1f80-48e1-b50e-03f7745ca48c: {mediaItemFound: true, hasFile: true, hasUrl: true, url: 'blob:http://localhost:3001/5d867235-f29b-4618-bef6-fc7d35fe9c7e', urlType: 'blob'}
17:31:33.350 backend-exporter.ts:437 📥 Processing blob URL from videoElement.src for 8ed22ab8-1f80-48e1-b50e-03f7745ca48c: blob:http://localhost:3001/5d867235-f29b-4618-bef6-fc7d35fe9c7e
17:31:33.369 VM214 projects:157 Fetch 已完成加载：GET“blob:http://localhost:3001/5d867235-f29b-4618-bef6-fc7d35fe9c7e”。
window.fetch @ VM214 projects:157
collectProcessedMediaData @ backend-exporter.ts:438
await in collectProcessedMediaData
streamExportIncrementalAI @ backend-exporter.ts:303
streamExport @ backend-exporter.ts:141
await in streamExport
exportWithProgress @ backend-exporter.ts:110
smartExport @ export-manager.ts:124
await in smartExport
handleExport @ editor-header.tsx:206
await in handleExport
executeDispatch @ react-dom-client.development.js:16921
runWithFiberInDEV @ react-dom-client.development.js:872
processDispatchQueue @ react-dom-client.development.js:16971
（匿名） @ react-dom-client.development.js:17572
batchedUpdates$1 @ react-dom-client.development.js:3312
dispatchEventForPluginEventSystem @ react-dom-client.development.js:17125
dispatchEvent @ react-dom-client.development.js:21308
dispatchDiscreteEvent @ react-dom-client.development.js:21276
17:31:33.436 backend-exporter.ts:455 ✅ Converted blob to Base64 for 8ed22ab8-1f80-48e1-b50e-03f7745ca48c: 822624 chars
17:31:33.436 backend-exporter.ts:544 📊 Video element 8ed22ab8-1f80-48e1-b50e-03f7745ca48c processing result: {hasLocalFile: true, hasValidFileData: true, isRemoteVideo: false, hasRemoteUrl: false, fileDataLength: 822624}
17:31:33.441 backend-exporter.ts:418 🔍 Processing video element 34c6ca40-50fe-40e9-8148-5ec72fd674ae: {mediaItemFound: true, hasFile: true, hasUrl: true, url: 'blob:http://localhost:3001/043c3567-82e2-455a-afd1-ead27d0c2990', urlType: 'blob'}
17:31:33.441 backend-exporter.ts:437 📥 Processing blob URL from videoElement.src for 34c6ca40-50fe-40e9-8148-5ec72fd674ae: blob:http://localhost:3001/043c3567-82e2-455a-afd1-ead27d0c2990
17:31:33.569 VM214 projects:157 Fetch 已完成加载：GET“blob:http://localhost:3001/043c3567-82e2-455a-afd1-ead27d0c2990”。
window.fetch @ VM214 projects:157
collectProcessedMediaData @ backend-exporter.ts:438
await in collectProcessedMediaData
streamExportIncrementalAI @ backend-exporter.ts:303
streamExport @ backend-exporter.ts:141
await in streamExport
exportWithProgress @ backend-exporter.ts:110
smartExport @ export-manager.ts:124
await in smartExport
handleExport @ editor-header.tsx:206
await in handleExport
executeDispatch @ react-dom-client.development.js:16921
runWithFiberInDEV @ react-dom-client.development.js:872
processDispatchQueue @ react-dom-client.development.js:16971
（匿名） @ react-dom-client.development.js:17572
batchedUpdates$1 @ react-dom-client.development.js:3312
dispatchEventForPluginEventSystem @ react-dom-client.development.js:17125
dispatchEvent @ react-dom-client.development.js:21308
dispatchDiscreteEvent @ react-dom-client.development.js:21276
17:31:33.921 backend-exporter.ts:455 ✅ Converted blob to Base64 for 34c6ca40-50fe-40e9-8148-5ec72fd674ae: 2903256 chars
17:31:33.922 backend-exporter.ts:544 📊 Video element 34c6ca40-50fe-40e9-8148-5ec72fd674ae processing result: {hasLocalFile: true, hasValidFileData: true, isRemoteVideo: false, hasRemoteUrl: false, fileDataLength: 2903256}
17:31:33.924 backend-exporter.ts:418 🔍 Processing video element 1a2c8d57-98e2-4607-b399-d89345f54ddf: {mediaItemFound: true, hasFile: true, hasUrl: true, url: 'blob:http://localhost:3001/e1c48ae0-5a1b-499d-a012-09e0f98a9acb', urlType: 'blob'}
17:31:33.925 backend-exporter.ts:437 📥 Processing blob URL from videoElement.src for 1a2c8d57-98e2-4607-b399-d89345f54ddf: blob:http://localhost:3001/e1c48ae0-5a1b-499d-a012-09e0f98a9acb
17:31:33.949 VM214 projects:157 Fetch 已完成加载：GET“blob:http://localhost:3001/e1c48ae0-5a1b-499d-a012-09e0f98a9acb”。
window.fetch @ VM214 projects:157
collectProcessedMediaData @ backend-exporter.ts:438
await in collectProcessedMediaData
streamExportIncrementalAI @ backend-exporter.ts:303
streamExport @ backend-exporter.ts:141
await in streamExport
exportWithProgress @ backend-exporter.ts:110
smartExport @ export-manager.ts:124
await in smartExport
handleExport @ editor-header.tsx:206
await in handleExport
executeDispatch @ react-dom-client.development.js:16921
runWithFiberInDEV @ react-dom-client.development.js:872
processDispatchQueue @ react-dom-client.development.js:16971
（匿名） @ react-dom-client.development.js:17572
batchedUpdates$1 @ react-dom-client.development.js:3312
dispatchEventForPluginEventSystem @ react-dom-client.development.js:17125
dispatchEvent @ react-dom-client.development.js:21308
dispatchDiscreteEvent @ react-dom-client.development.js:21276
17:31:34.231 backend-exporter.ts:455 ✅ Converted blob to Base64 for 1a2c8d57-98e2-4607-b399-d89345f54ddf: 2301680 chars
17:31:34.232 backend-exporter.ts:544 📊 Video element 1a2c8d57-98e2-4607-b399-d89345f54ddf processing result: {hasLocalFile: true, hasValidFileData: true, isRemoteVideo: false, hasRemoteUrl: false, fileDataLength: 2301680}
17:31:34.232 backend-exporter.ts:418 🔍 Processing video element c3e4fdce-0735-4383-9972-0cb1e6fd8bf8: {mediaItemFound: true, hasFile: true, hasUrl: true, url: 'blob:http://localhost:3001/a8219427-adfe-474f-b719-a01b8fe3f5e4', urlType: 'blob'}
17:31:34.232 backend-exporter.ts:437 📥 Processing blob URL from videoElement.src for c3e4fdce-0735-4383-9972-0cb1e6fd8bf8: blob:http://localhost:3001/a8219427-adfe-474f-b719-a01b8fe3f5e4
17:31:34.281 VM214 projects:157 Fetch 已完成加载：GET“blob:http://localhost:3001/a8219427-adfe-474f-b719-a01b8fe3f5e4”。
window.fetch @ VM214 projects:157
collectProcessedMediaData @ backend-exporter.ts:438
await in collectProcessedMediaData
streamExportIncrementalAI @ backend-exporter.ts:303
streamExport @ backend-exporter.ts:141
await in streamExport
exportWithProgress @ backend-exporter.ts:110
smartExport @ export-manager.ts:124
await in smartExport
handleExport @ editor-header.tsx:206
await in handleExport
executeDispatch @ react-dom-client.development.js:16921
runWithFiberInDEV @ react-dom-client.development.js:872
processDispatchQueue @ react-dom-client.development.js:16971
（匿名） @ react-dom-client.development.js:17572
batchedUpdates$1 @ react-dom-client.development.js:3312
dispatchEventForPluginEventSystem @ react-dom-client.development.js:17125
dispatchEvent @ react-dom-client.development.js:21308
dispatchDiscreteEvent @ react-dom-client.development.js:21276
17:31:34.452 backend-exporter.ts:455 ✅ Converted blob to Base64 for c3e4fdce-0735-4383-9972-0cb1e6fd8bf8: 2301680 chars
17:31:34.453 backend-exporter.ts:544 📊 Video element c3e4fdce-0735-4383-9972-0cb1e6fd8bf8 processing result: {hasLocalFile: true, hasValidFileData: true, isRemoteVideo: false, hasRemoteUrl: false, fileDataLength: 2301680}
17:31:34.453 backend-exporter.ts:305 📊 Processed media analysis: {totalVideoElements: 22, totalTextElements: 14, processedFilesCount: 36, canSkipDownload: 36}
17:31:34.453 backend-exporter.ts:333 🎯 Incremental export request prepared
17:31:36.078 turbopack-hot-reloader-common.ts:41 [Fast Refresh] rebuilding
17:31:36.837 report-hmr-latency.ts:26 [Fast Refresh] done in 988ms
17:31:41.311 backend-exporter.ts:1072 Uncaught (in promise) Error: Input file validation failed: The "path" argument must be of type string or an instance of Buffer or URL. Received an instance of Object
    at BackendExporter.handleStreamEvent (backend-exporter.ts:1072:15)
    at BackendExporter.handleStreamResponseInternal (backend-exporter.ts:703:20)
    at async BackendExporter.exportWithProgress (backend-exporter.ts:110:14)
    at async ExportManager.smartExport (export-manager.ts:124:12)
    at async handleExport (editor-header.tsx:206:22)
handleStreamEvent @ backend-exporter.ts:1072
handleStreamResponseInternal @ backend-exporter.ts:703
await in handleStreamResponseInternal
streamExportIncrementalAI @ backend-exporter.ts:377
await in streamExportIncrementalAI
streamExport @ backend-exporter.ts:141
await in streamExport
exportWithProgress @ backend-exporter.ts:110
smartExport @ export-manager.ts:124
await in smartExport
handleExport @ editor-header.tsx:206
await in handleExport
executeDispatch @ react-dom-client.development.js:16921
runWithFiberInDEV @ react-dom-client.development.js:872
processDispatchQueue @ react-dom-client.development.js:16971
（匿名） @ react-dom-client.development.js:17572
batchedUpdates$1 @ react-dom-client.development.js:3312
dispatchEventForPluginEventSystem @ react-dom-client.development.js:17125
dispatchEvent @ react-dom-client.development.js:21308
dispatchDiscreteEvent @ react-dom-client.development.js:21276
17:31:41.313 hook.js:608 导出失败: {code: 'BACKEND_EXPORT_ERROR', message: 'No download URL received', stage: 'processing', details: Error: No download URL received
    at BackendExporter.handleStreamResponseInternal (http://localho…, recoverable: true, …}
overrideMethod @ hook.js:608
error @ intercept-console-error.ts:44
handleExport @ editor-header.tsx:242
await in handleExport
executeDispatch @ react-dom-client.development.js:16921
runWithFiberInDEV @ react-dom-client.development.js:872
processDispatchQueue @ react-dom-client.development.js:16971
（匿名） @ react-dom-client.development.js:17572
batchedUpdates$1 @ react-dom-client.development.js:3312
dispatchEventForPluginEventSystem @ react-dom-client.development.js:17125
dispatchEvent @ react-dom-client.development.js:21308
dispatchDiscreteEvent @ react-dom-client.development.js:21276
17:31:41.393 VM214 projects:157 Fetch 已完成加载：POST“http://localhost:3001/api/export/incremental”。
window.fetch @ VM214 projects:157
streamExportIncrementalAI @ backend-exporter.ts:365
await in streamExportIncrementalAI
streamExport @ backend-exporter.ts:141
await in streamExport
exportWithProgress @ backend-exporter.ts:110
smartExport @ export-manager.ts:124
await in smartExport
handleExport @ editor-header.tsx:206
await in handleExport
executeDispatch @ react-dom-client.development.js:16921
runWithFiberInDEV @ react-dom-client.development.js:872
processDispatchQueue @ react-dom-client.development.js:16971
（匿名） @ react-dom-client.development.js:17572
batchedUpdates$1 @ react-dom-client.development.js:3312
dispatchEventForPluginEventSystem @ react-dom-client.development.js:17125
dispatchEvent @ react-dom-client.development.js:21308
dispatchDiscreteEvent @ react-dom-client.development.js:21276
17:31:41.687 turbopack-hot-reloader-common.ts:41 [Fast Refresh] rebuilding
17:31:42.513 report-hmr-latency.ts:26 [Fast Refresh] done in 944ms
17:31:42.562 VM214 projects:157 Fetch 已完成加载：POST“http://localhost:3001/__nextjs_original-stack-frames”。
window.fetch @ VM214 projects:157
（匿名） @ stack-frame.ts:95
（匿名） @ 8d112_next_dist_compiled_next-devtools_index_098aa598.js:16911
ej @ 8d112_next_dist_compiled_next-devtools_index_098aa598.js:16824
i @ 8d112_next_dist_compiled_next-devtools_index_098aa598.js:16837
（匿名） @ 8d112_next_dist_compiled_next-devtools_index_098aa598.js:16842
（匿名） @ 8d112_next_dist_compiled_next-devtools_index_098aa598.js:16834
eC @ stack-frame.ts:124
（匿名） @ get-error-by-type.ts:55
（匿名） @ 8d112_next_dist_compiled_next-devtools_index_098aa598.js:20674
tv @ 8d112_next_dist_compiled_next-devtools_index_098aa598.js:20558
i @ 8d112_next_dist_compiled_next-devtools_index_098aa598.js:20571
（匿名） @ 8d112_next_dist_compiled_next-devtools_index_098aa598.js:20576
（匿名） @ 8d112_next_dist_compiled_next-devtools_index_098aa598.js:20568
s @ get-error-by-type.ts:60
（匿名） @ 8d112_next_dist_compiled_next-devtools_index_098aa598.js:26138
（匿名） @ 8d112_next_dist_compiled_next-devtools_index_098aa598.js:20674
tv @ 8d112_next_dist_compiled_next-devtools_index_098aa598.js:20558
i @ 8d112_next_dist_compiled_next-devtools_index_098aa598.js:20571
（匿名） @ 8d112_next_dist_compiled_next-devtools_index_098aa598.js:20576
（匿名） @ 8d112_next_dist_compiled_next-devtools_index_098aa598.js:20568
（匿名） @ get-error-by-type.ts:81
i0 @ react-dom-client.production.js:8551
lk @ react-dom-client.production.js:10080
lj @ react-dom-client.production.js:10055
lk @ react-dom-client.production.js:10074
lj @ react-dom-client.production.js:10055
lk @ react-dom-client.production.js:10083
lj @ react-dom-client.production.js:10055
lk @ react-dom-client.production.js:10074
lj @ react-dom-client.production.js:10055
lk @ react-dom-client.production.js:10074
lj @ react-dom-client.production.js:10055
lk @ react-dom-client.production.js:10074
lj @ react-dom-client.production.js:10055
lk @ react-dom-client.production.js:10091
sE @ react-dom-client.production.js:11650
（匿名） @ react-dom-client.production.js:11385
_ @ scheduler.production.js:151
17:31:42.564 VM214 projects:157 Fetch 已完成加载：POST“http://localhost:3001/__nextjs_original-stack-frames”。
window.fetch @ VM214 projects:157
（匿名） @ stack-frame.ts:95
（匿名） @ 8d112_next_dist_compiled_next-devtools_index_098aa598.js:16911
ej @ 8d112_next_dist_compiled_next-devtools_index_098aa598.js:16824
i @ 8d112_next_dist_compiled_next-devtools_index_098aa598.js:16837
（匿名） @ 8d112_next_dist_compiled_next-devtools_index_098aa598.js:16842
（匿名） @ 8d112_next_dist_compiled_next-devtools_index_098aa598.js:16834
eC @ stack-frame.ts:124
（匿名） @ get-error-by-type.ts:55
（匿名） @ 8d112_next_dist_compiled_next-devtools_index_098aa598.js:20674
tv @ 8d112_next_dist_compiled_next-devtools_index_098aa598.js:20558
i @ 8d112_next_dist_compiled_next-devtools_index_098aa598.js:20571
（匿名） @ 8d112_next_dist_compiled_next-devtools_index_098aa598.js:20576
（匿名） @ 8d112_next_dist_compiled_next-devtools_index_098aa598.js:20568
s @ get-error-by-type.ts:60
（匿名） @ 8d112_next_dist_compiled_next-devtools_index_098aa598.js:26138
（匿名） @ 8d112_next_dist_compiled_next-devtools_index_098aa598.js:20674
tv @ 8d112_next_dist_compiled_next-devtools_index_098aa598.js:20558
i @ 8d112_next_dist_compiled_next-devtools_index_098aa598.js:20571
（匿名） @ 8d112_next_dist_compiled_next-devtools_index_098aa598.js:20576
（匿名） @ 8d112_next_dist_compiled_next-devtools_index_098aa598.js:20568
（匿名） @ get-error-by-type.ts:81
i0 @ react-dom-client.production.js:8551
lk @ react-dom-client.production.js:10080
lj @ react-dom-client.production.js:10055
lk @ react-dom-client.production.js:10074
lj @ react-dom-client.production.js:10055
lk @ react-dom-client.production.js:10083
lj @ react-dom-client.production.js:10055
lk @ react-dom-client.production.js:10074
lj @ react-dom-client.production.js:10055
lk @ react-dom-client.production.js:10074
lj @ react-dom-client.production.js:10055
lk @ react-dom-client.production.js:10074
lj @ react-dom-client.production.js:10055
lk @ react-dom-client.production.js:10091
sE @ react-dom-client.production.js:11650
（匿名） @ react-dom-client.production.js:11385
_ @ scheduler.production.js:151
