17:07:29.072 :3001/_next/image?url=%2Flanding-page-dark.png&w=1920&q=75:1  Failed to load resource: the server responded with a status of 400 (Bad Request)
17:07:37.066  A tree hydrated but some attributes of the server rendered HTML didn't match the client properties. This won't be patched up. This can happen if a SSR-ed Client Component used:

- A server/client branch `if (typeof window !== 'undefined')`.
- Variable input such as `Date.now()` or `Math.random()` which changes each time it's called.
- Date formatting in a user's locale which doesn't match the server.
- External changing data without sending a snapshot of it along with the HTML.
- Invalid HTML tag nesting.

It can also happen if the client has a browser extension installed which messes with the HTML before React loaded.

https://react.dev/link/hydration-mismatch

  ...
    <HotReload assetPrefix="" globalError={[...]}>
      <AppDevOverlayErrorBoundary globalError={[...]}>
        <ReplaySsrOnlyErrors>
        <DevRootHTTPAccessFallbackBoundary>
          <HTTPAccessFallbackBoundary notFound={<NotAllowedRootHTTPFallbackError>}>
            <HTTPAccessFallbackErrorBoundary pathname="/" notFound={<NotAllowedRootHTTPFallbackError>} ...>
              <RedirectBoundary>
                <RedirectErrorBoundary router={{...}}>
                  <Head>
                  <link>
                  <script>
                  <script>
                  <script>
                  <script>
                  <RootLayout>
                    <html lang="en" suppressHydrationWarning={true}>
                      <head>
                        <V>
                          <script
                            dangerouslySetInnerHTML={{
+                             __html: "\n      window.pRoutes = [{\"path\":\"/none\",\"method\":\"GET\"}]\n      "
-                             __html: ""
                            }}
-                           src="chrome-extension://jlpcnoohcpfgpbalhlggdhjocgnlgafn/assets/main-world.ts-4ed993c7.js"
-                           type="module"
                          >
                        <V>
                          <script
                            dangerouslySetInnerHTML={{
+                             __html: "(()=>{\n                        var v;\n                        function R(e) {..."
-                             __html: "\n      window.pRoutes = [{\"path\":\"/none\",\"method\":\"GET\"}]\n      "
                            }}
                          >
                      ...
                  ...

overrideMethod @ installHook.js:1
17:07:37.557  [Vercel Web Analytics] Debug mode is enabled by default in development. No requests will be sent to the server.
17:07:37.557  [Vercel Web Analytics] [pageview] http://localhost:3001/ Object
17:07:37.863  [Fast Refresh] rebuilding
17:07:38.456  isCacheTxt:false
17:07:42.444  Content script received message: Object
17:07:43.875  [Fast Refresh] done in 6295ms
17:07:43.977  [Fast Refresh] rebuilding
17:07:44.691  [Vercel Web Analytics] [pageview] http://localhost:3001/projects Object
17:07:44.913  [Fast Refresh] done in 1038ms
17:07:48.798  isCacheTxt:false
17:07:48.964  [Fast Refresh] rebuilding
17:07:50.503  rulesUpdated Object ????
17:08:03.583  isCacheTxt:false
17:08:04.598  isCacheTxt:false
17:08:06.044  isCacheTxt:false
17:08:06.246  projectId 4b0c330d-a102-4de6-812c-f0aa3281aaa6
17:08:07.283  isCacheTxt:false
17:08:10.061  [Fast Refresh] done in 21198ms
17:08:10.164  [Fast Refresh] rebuilding
17:08:12.201  [Fast Refresh] done in 2138ms
17:08:15.051  [Fast Refresh] rebuilding
17:08:18.163  Initializing video editor...
17:08:18.164  Video editor ready
17:08:18.166  Initializing video editor...
17:08:18.169  Video editor ready
17:08:19.682  [Vercel Web Analytics] [pageview] http://localhost:3001/editor/4b0c330d-a102-4de6-812c-f0aa3281aaa6 Object
17:08:19.797  [Fast Refresh] done in 4847ms
17:08:20.084  [Fast Refresh] rebuilding
17:08:25.355  [Fast Refresh] done in 5371ms
17:08:25.519  [Fast Refresh] rebuilding
17:08:25.558  [Fast Refresh] done in 139ms
17:08:31.482 :3001/api/sounds/search?page_size=50&sort=downloads:1  Failed to load resource: the server responded with a status of 500 (Internal Server Error)
17:08:31.484  Failed to prefetch top sounds: 
overrideMethod @ installHook.js:1
17:08:42.499  isCacheTxt:false
17:08:44.306  isCacheTxt:false
17:08:47.227  isCacheTxt:false
17:08:47.229  🔽 开始下载视频 1/22: v1_clip_001
17:08:47.229  🔽 开始下载视频 2/22: v1_clip_002
17:08:47.230  🔽 开始下载视频 3/22: v1_clip_003
17:08:47.230  🔽 开始下载视频 4/22: v1_clip_004
17:08:47.230  🔽 开始下载视频 5/22: v1_clip_005
17:08:47.230  🔽 开始下载视频 6/22: v1_clip_006
17:08:47.230  🔽 开始下载视频 7/22: v1_clip_007
17:08:47.230  🔽 开始下载视频 8/22: v1_clip_008
17:08:47.230  🔽 开始下载视频 9/22: v1_clip_009
17:08:47.230  🔽 开始下载视频 10/22: v1_clip_010
17:08:47.231  🔽 开始下载视频 11/22: v1_clip_011
17:08:47.231  🔽 开始下载视频 12/22: v1_clip_012
17:08:47.231  🔽 开始下载视频 13/22: v1_clip_013
17:08:47.231  🔽 开始下载视频 14/22: v1_clip_014
17:08:47.231  🔽 开始下载视频 15/22: v1_clip_015
17:08:47.231  🔽 开始下载视频 16/22: v1_clip_016
17:08:47.231  🔽 开始下载视频 17/22: v1_clip_017
17:08:47.232  🔽 开始下载视频 18/22: v1_clip_018
17:08:47.232  🔽 开始下载视频 19/22: v1_clip_019
17:08:47.232  🔽 开始下载视频 20/22: v1_clip_020
17:08:47.232  🔽 开始下载视频 21/22: v1_clip_021
17:08:47.233  🔽 开始下载视频 22/22: v1_clip_022
17:08:50.936  ✅ 直接下载成功: AI剪辑_v1_clip_004_1755680927230_3.mp4 (1.27MB)
17:08:50.984  ✅ 直接下载成功: AI剪辑_v1_clip_002_1755680927229_1.mp4 (1.78MB)
17:08:51.124  ✅ 直接下载成功: AI剪辑_v1_clip_016_1755680927231_15.mp4 (1.31MB)
17:08:51.125  ✅ 直接下载成功: AI剪辑_v1_clip_015_1755680927231_14.mp4 (1.55MB)
17:08:51.126  ✅ 直接下载成功: AI剪辑_v1_clip_013_1755680927231_12.mp4 (1.40MB)
17:08:51.128  ✅ 直接下载成功: AI剪辑_v1_clip_012_1755680927231_11.mp4 (1.37MB)
17:08:51.129  ✅ 直接下载成功: AI剪辑_v1_clip_010_1755680927230_9.mp4 (1.74MB)
17:08:51.129  ✅ 直接下载成功: AI剪辑_v1_clip_011_1755680927231_10.mp4 (1.28MB)
17:08:51.130  ✅ 直接下载成功: AI剪辑_v1_clip_021_1755680927232_20.mp4 (1.65MB)
17:08:51.131  ✅ 直接下载成功: AI剪辑_v1_clip_019_1755680927232_18.mp4 (0.59MB)
17:08:51.132  ✅ 直接下载成功: AI剪辑_v1_clip_022_1755680927233_21.mp4 (1.65MB)
17:08:51.133  ✅ 直接下载成功: AI剪辑_v1_clip_001_1755680927229_0.mp4 (2.93MB)
17:08:51.134  ✅ 直接下载成功: AI剪辑_v1_clip_008_1755680927230_7.mp4 (2.51MB)
17:08:51.135  ✅ 直接下载成功: AI剪辑_v1_clip_006_1755680927230_5.mp4 (3.43MB)
17:08:51.135  ✅ 直接下载成功: AI剪辑_v1_clip_009_1755680927230_8.mp4 (2.15MB)
17:08:51.136  ✅ 直接下载成功: AI剪辑_v1_clip_005_1755680927230_4.mp4 (4.49MB)
17:08:51.137  ✅ 直接下载成功: AI剪辑_v1_clip_018_1755680927232_17.mp4 (2.08MB)
17:08:51.141  ✅ 直接下载成功: AI剪辑_v1_clip_003_1755680927230_2.mp4 (4.20MB)
17:08:51.142  ✅ 直接下载成功: AI剪辑_v1_clip_020_1755680927232_19.mp4 (2.08MB)
17:08:51.193  ✅ 直接下载成功: AI剪辑_v1_clip_007_1755680927230_6.mp4 (7.08MB)
17:08:51.218  ✅ 直接下载成功: AI剪辑_v1_clip_014_1755680927231_13.mp4 (2.07MB)
17:08:51.222  ✅ 直接下载成功: AI剪辑_v1_clip_017_1755680927231_16.mp4 (1.29MB)
17:08:51.223  ✅ 视频 1 下载完成
17:08:51.223  ✅ 视频 2 下载完成
17:08:51.223  ✅ 视频 3 下载完成
17:08:51.223  ✅ 视频 4 下载完成
17:08:51.223  ✅ 视频 5 下载完成
17:08:51.223  ✅ 视频 6 下载完成
17:08:51.223  ✅ 视频 7 下载完成
17:08:51.223  ✅ 视频 8 下载完成
17:08:51.223  ✅ 视频 9 下载完成
17:08:51.223  ✅ 视频 10 下载完成
17:08:51.223  ✅ 视频 11 下载完成
17:08:51.223  ✅ 视频 12 下载完成
17:08:51.223  ✅ 视频 13 下载完成
17:08:51.223  ✅ 视频 14 下载完成
17:08:51.223  ✅ 视频 15 下载完成
17:08:51.224  ✅ 视频 16 下载完成
17:08:51.224  ✅ 视频 17 下载完成
17:08:51.224  ✅ 视频 18 下载完成
17:08:51.224  ✅ 视频 19 下载完成
17:08:51.224  ✅ 视频 20 下载完成
17:08:51.224  ✅ 视频 21 下载完成
17:08:51.224  ✅ 视频 22 下载完成
17:08:51.225  ✅ 所有视频下载完成，共 22 个文件
17:08:51.225  🚀 开始并行生成 22 个视频缩略图...
17:08:51.225  🖼️ [1/22] 生成缩略图 (0.5s): v1_clip_001
17:08:51.226  🖼️ [2/22] 生成缩略图 (0.8s): v1_clip_002
17:08:51.226  🖼️ [3/22] 生成缩略图 (1.1s): v1_clip_003
17:08:51.226  🖼️ [4/22] 生成缩略图 (1.4s): v1_clip_004
17:08:51.228  🖼️ [5/22] 生成缩略图 (1.7s): v1_clip_005
17:08:51.229  🖼️ [6/22] 生成缩略图 (2s): v1_clip_006
17:08:51.229  🖼️ [7/22] 生成缩略图 (2.3s): v1_clip_007
17:08:51.230  🖼️ [8/22] 生成缩略图 (2.6s): v1_clip_008
17:08:51.230  🖼️ [9/22] 生成缩略图 (2.9s): v1_clip_009
17:08:51.231  🖼️ [10/22] 生成缩略图 (3.1999999999999997s): v1_clip_010
17:08:51.231  🖼️ [11/22] 生成缩略图 (3.5s): v1_clip_011
17:08:51.231  🖼️ [12/22] 生成缩略图 (3.8s): v1_clip_012
17:08:51.232  🖼️ [13/22] 生成缩略图 (4.1s): v1_clip_013
17:08:51.232  🖼️ [14/22] 生成缩略图 (4.4s): v1_clip_014
17:08:51.232  🖼️ [15/22] 生成缩略图 (4.7s): v1_clip_015
17:08:51.233  🖼️ [16/22] 生成缩略图 (5s): v1_clip_016
17:08:51.233  🖼️ [17/22] 生成缩略图 (5.3s): v1_clip_017
17:08:51.234  🖼️ [18/22] 生成缩略图 (5.6s): v1_clip_018
17:08:51.234  🖼️ [19/22] 生成缩略图 (5.8999999999999995s): v1_clip_019
17:08:51.234  🖼️ [20/22] 生成缩略图 (6.2s): v1_clip_020
17:08:51.235  🖼️ [21/22] 生成缩略图 (6.5s): v1_clip_021
17:08:51.235  🖼️ [22/22] 生成缩略图 (6.8s): v1_clip_022
17:09:05.598  ✅ [1/22] 缩略图生成成功: v1_clip_001
17:09:05.613  ✅ [6/22] 缩略图生成成功: v1_clip_006
17:09:08.564  ✅ [19/22] 缩略图生成成功: v1_clip_019
17:09:08.572  ✅ [2/22] 缩略图生成成功: v1_clip_002
17:09:08.578  ✅ [10/22] 缩略图生成成功: v1_clip_010
17:09:09.321  ✅ [3/22] 缩略图生成成功: v1_clip_003
17:09:09.539  ✅ [4/22] 缩略图生成成功: v1_clip_004
17:09:09.928  ✅ [8/22] 缩略图生成成功: v1_clip_008
17:09:10.007  ✅ [5/22] 缩略图生成成功: v1_clip_005
17:09:10.176  ✅ [21/22] 缩略图生成成功: v1_clip_021
17:09:10.210  ✅ [22/22] 缩略图生成成功: v1_clip_022
17:09:10.384  ✅ [7/22] 缩略图生成成功: v1_clip_007
17:09:10.428  ✅ [11/22] 缩略图生成成功: v1_clip_011
17:09:10.487  ✅ [18/22] 缩略图生成成功: v1_clip_018
17:09:10.792  ✅ [16/22] 缩略图生成成功: v1_clip_016
17:09:10.832  ✅ [9/22] 缩略图生成成功: v1_clip_009
17:09:10.856  ✅ [20/22] 缩略图生成成功: v1_clip_020
17:09:10.943  ✅ [12/22] 缩略图生成成功: v1_clip_012
17:09:10.975  ✅ [13/22] 缩略图生成成功: v1_clip_013
17:09:11.073  ✅ [14/22] 缩略图生成成功: v1_clip_014
17:09:11.095  ✅ [15/22] 缩略图生成成功: v1_clip_015
17:09:11.120  ✅ [17/22] 缩略图生成成功: v1_clip_017
17:09:11.121  ✅ 所有缩略图处理完成，共 22 个
17:09:11.121  🔧 媒体项创建详情: Object
17:09:11.678  ✅ 媒体项已添加: AI剪辑-v1_clip_001
17:09:11.678     - ID: 4c0f03ed-2bf9-40e7-a3c1-ed57c2d17f5e
17:09:11.678     - URL: blob:http://localhost:3001/1fe90a57-8347-475a-a28a-7b9b89641436
17:09:11.678     - 缩略图: ✅
17:09:11.678     - 文件类型: video/mp4
17:09:11.679  🔧 媒体项创建详情: Object
17:09:12.029  ✅ 媒体项已添加: AI剪辑-v1_clip_002
17:09:12.029     - ID: feb96534-90c1-44f4-bf78-127c44febfee
17:09:12.029     - URL: blob:http://localhost:3001/036bec04-f0f8-4112-b953-0e76ab06a413
17:09:12.029     - 缩略图: ✅
17:09:12.029     - 文件类型: video/mp4
17:09:12.029  🔧 媒体项创建详情: Object
17:09:12.234  ✅ 媒体项已添加: AI剪辑-v1_clip_003
17:09:12.234     - ID: 5573880e-65c3-42aa-bd57-afb380d02026
17:09:12.234     - URL: blob:http://localhost:3001/ff185a93-873b-47e3-99cf-9660c7b79eba
17:09:12.234     - 缩略图: ✅
17:09:12.234     - 文件类型: video/mp4
17:09:12.235  🔧 媒体项创建详情: Object
17:09:12.527  ✅ 媒体项已添加: AI剪辑-v1_clip_004
17:09:12.527     - ID: fd713551-e629-4b92-81a0-157dd49c5b73
17:09:12.527     - URL: blob:http://localhost:3001/9f208573-968b-425f-a5a1-9549d22a921e
17:09:12.527     - 缩略图: ✅
17:09:12.527     - 文件类型: video/mp4
17:09:12.527  🔧 媒体项创建详情: Object
17:09:12.834  ✅ 媒体项已添加: AI剪辑-v1_clip_005
17:09:12.834     - ID: 239f2dbe-9cc2-4b88-988d-98af810e4bca
17:09:12.834     - URL: blob:http://localhost:3001/c94f4e4d-fb12-4c06-ba73-a054afb6b970
17:09:12.834     - 缩略图: ✅
17:09:12.834     - 文件类型: video/mp4
17:09:12.834  🔧 媒体项创建详情: Object
17:09:12.996  ✅ 媒体项已添加: AI剪辑-v1_clip_006
17:09:12.996     - ID: 3ea11f7f-7cd4-469d-8369-c111ba6f7d57
17:09:12.996     - URL: blob:http://localhost:3001/70ef5394-de61-4e94-80f3-bdc080789be8
17:09:12.996     - 缩略图: ✅
17:09:12.996     - 文件类型: video/mp4
17:09:12.997  🔧 媒体项创建详情: Object
17:09:13.153  ✅ 媒体项已添加: AI剪辑-v1_clip_007
17:09:13.153     - ID: 47fc0fc8-2830-4600-b316-f85534093689
17:09:13.153     - URL: blob:http://localhost:3001/467ffb36-50c3-4d8d-b96b-cb0a2c361fcc
17:09:13.153     - 缩略图: ✅
17:09:13.154     - 文件类型: video/mp4
17:09:13.154  🔧 媒体项创建详情: Object
17:09:13.254  ✅ 媒体项已添加: AI剪辑-v1_clip_008
17:09:13.254     - ID: b3ebe684-cb0a-4023-b238-9c41c77db644
17:09:13.254     - URL: blob:http://localhost:3001/6edf5456-2e03-43a2-a374-0d8f58d94d10
17:09:13.254     - 缩略图: ✅
17:09:13.254     - 文件类型: video/mp4
17:09:13.254  🔧 媒体项创建详情: Object
17:09:13.497  ✅ 媒体项已添加: AI剪辑-v1_clip_009
17:09:13.497     - ID: 3b42720d-c7f8-4acd-bb2c-60963b4e62b4
17:09:13.497     - URL: blob:http://localhost:3001/4b6a9998-45f4-4e5e-a8c6-78d8eb3cdc42
17:09:13.497     - 缩略图: ✅
17:09:13.497     - 文件类型: video/mp4
17:09:13.497  🔧 媒体项创建详情: Object
17:09:13.725  ✅ 媒体项已添加: AI剪辑-v1_clip_010
17:09:13.725     - ID: bb4bcc4c-9861-4574-bbd3-36b3500aff5d
17:09:13.725     - URL: blob:http://localhost:3001/e86bb52b-1754-406a-b427-50796c4e9505
17:09:13.725     - 缩略图: ✅
17:09:13.725     - 文件类型: video/mp4
17:09:13.725  🔧 媒体项创建详情: Object
17:09:13.878  ✅ 媒体项已添加: AI剪辑-v1_clip_011
17:09:13.878     - ID: ff4c7450-8826-44a9-a4f4-726ccdeaa324
17:09:13.878     - URL: blob:http://localhost:3001/2c7a4480-a598-442b-8563-b891072be743
17:09:13.878     - 缩略图: ✅
17:09:13.878     - 文件类型: video/mp4
17:09:13.878  🔧 媒体项创建详情: Object
17:09:13.986  ✅ 媒体项已添加: AI剪辑-v1_clip_012
17:09:13.986     - ID: 311c32ef-854b-42bd-9332-2dd2bd7dcdcb
17:09:13.986     - URL: blob:http://localhost:3001/249e871e-f65a-4f3a-9087-1f24539ef73e
17:09:13.986     - 缩略图: ✅
17:09:13.986     - 文件类型: video/mp4
17:09:13.986  🔧 媒体项创建详情: Object
17:09:14.081  ✅ 媒体项已添加: AI剪辑-v1_clip_013
17:09:14.081     - ID: 6c35a2e9-ca33-4e77-9115-f4d368c813f2
17:09:14.081     - URL: blob:http://localhost:3001/d8613537-a97c-4f51-9459-afdc25b35a48
17:09:14.081     - 缩略图: ✅
17:09:14.081     - 文件类型: video/mp4
17:09:14.081  🔧 媒体项创建详情: Object
17:09:14.148  ✅ 媒体项已添加: AI剪辑-v1_clip_014
17:09:14.148     - ID: a56dbc73-5f13-4866-ad15-f6389a874ca1
17:09:14.148     - URL: blob:http://localhost:3001/3e127290-9b33-4722-be0d-8a6deb552e4f
17:09:14.149     - 缩略图: ✅
17:09:14.149     - 文件类型: video/mp4
17:09:14.149  🔧 媒体项创建详情: Object
17:09:14.229  ✅ 媒体项已添加: AI剪辑-v1_clip_015
17:09:14.229     - ID: 5206b811-ad60-45a5-8aec-59689197c10f
17:09:14.229     - URL: blob:http://localhost:3001/bc213b06-29e8-441b-8350-e719e9c0c159
17:09:14.229     - 缩略图: ✅
17:09:14.229     - 文件类型: video/mp4
17:09:14.229  🔧 媒体项创建详情: Object
17:09:14.420  ✅ 媒体项已添加: AI剪辑-v1_clip_016
17:09:14.421     - ID: aaab10e6-3211-4456-af9f-06de12257f60
17:09:14.421     - URL: blob:http://localhost:3001/e2338605-3e4e-4ef4-ae9b-d07454853212
17:09:14.421     - 缩略图: ✅
17:09:14.421     - 文件类型: video/mp4
17:09:14.421  🔧 媒体项创建详情: Object
17:09:14.721  ✅ 媒体项已添加: AI剪辑-v1_clip_017
17:09:14.721     - ID: 46374920-a989-47ed-b23e-7844ac0421fd
17:09:14.721     - URL: blob:http://localhost:3001/c51ce21c-3c92-42e9-9412-bcd714b26160
17:09:14.721     - 缩略图: ✅
17:09:14.721     - 文件类型: video/mp4
17:09:14.722  🔧 媒体项创建详情: Object
17:09:14.829  ✅ 媒体项已添加: AI剪辑-v1_clip_018
17:09:14.829     - ID: b2996265-a5ac-46e7-b635-1e0de58ae718
17:09:14.829     - URL: blob:http://localhost:3001/b6c67a52-1fc3-4367-9c73-3e0050f21d33
17:09:14.829     - 缩略图: ✅
17:09:14.829     - 文件类型: video/mp4
17:09:14.829  🔧 媒体项创建详情: Object
17:09:14.922  ✅ 媒体项已添加: AI剪辑-v1_clip_019
17:09:14.922     - ID: c2b83ee0-431e-4cff-b035-52a51130aaca
17:09:14.922     - URL: blob:http://localhost:3001/da77a93f-5c56-40a7-8f03-d102ae043ace
17:09:14.922     - 缩略图: ✅
17:09:14.923     - 文件类型: video/mp4
17:09:14.923  🔧 媒体项创建详情: Object
17:09:15.020  ✅ 媒体项已添加: AI剪辑-v1_clip_020
17:09:15.020     - ID: 93319221-93c7-4e35-9f21-303ddd61f9ce
17:09:15.020     - URL: blob:http://localhost:3001/03f407c9-15c2-47cf-a632-ac68fa7321db
17:09:15.020     - 缩略图: ✅
17:09:15.020     - 文件类型: video/mp4
17:09:15.020  🔧 媒体项创建详情: Object
17:09:15.143  ✅ 媒体项已添加: AI剪辑-v1_clip_021
17:09:15.143     - ID: e2779f92-4188-4326-b761-f4b261d68350
17:09:15.143     - URL: blob:http://localhost:3001/9feab017-1cc2-4803-9a12-635c66eab30d
17:09:15.143     - 缩略图: ✅
17:09:15.143     - 文件类型: video/mp4
17:09:15.143  🔧 媒体项创建详情: Object
17:09:15.235  ✅ 媒体项已添加: AI剪辑-v1_clip_022
17:09:15.235     - ID: c7337c10-21d9-47ce-ab29-10efb4836b83
17:09:15.235     - URL: blob:http://localhost:3001/bb0eabee-ee6b-45b6-b128-7d8cf75ebf27
17:09:15.235     - 缩略图: ✅
17:09:15.235     - 文件类型: video/mp4
17:09:15.235  ✅ 所有媒体项添加完成，共 22 个
17:09:15.236  📊 AI剪辑片段信息: Object
17:09:15.237  ✅ 成功添加AI剪辑片段到时间轴:
17:09:15.237     片段ID: v1_clip_001
17:09:15.237     媒体项ID: 4c0f03ed-2bf9-40e7-a3c1-ed57c2d17f5e
17:09:15.237     缩略图: ✅ 已生成
17:09:15.237     媒体URL: blob:http://localhost:3001/1fe90a57-8347-475a-a28a-7b9b89641436
17:09:15.237     媒体文件: ✅ 本地文件
17:09:15.237     元素时长: 8秒
17:09:15.237     开始时间: 0秒
17:09:15.237     媒体库验证: ❌ 不存在
17:09:15.237  📊 AI剪辑片段信息: Object
17:09:15.237  ✅ 成功添加AI剪辑片段到时间轴:
17:09:15.237     片段ID: v1_clip_002
17:09:15.237     媒体项ID: feb96534-90c1-44f4-bf78-127c44febfee
17:09:15.237     缩略图: ✅ 已生成
17:09:15.237     媒体URL: blob:http://localhost:3001/036bec04-f0f8-4112-b953-0e76ab06a413
17:09:15.237     媒体文件: ✅ 本地文件
17:09:15.237     元素时长: 7秒
17:09:15.237     开始时间: 8秒
17:09:15.237     媒体库验证: ❌ 不存在
17:09:15.237  📊 AI剪辑片段信息: Object
17:09:15.237  ✅ 成功添加AI剪辑片段到时间轴:
17:09:15.237     片段ID: v1_clip_003
17:09:15.237     媒体项ID: 5573880e-65c3-42aa-bd57-afb380d02026
17:09:15.237     缩略图: ✅ 已生成
17:09:15.238     媒体URL: blob:http://localhost:3001/ff185a93-873b-47e3-99cf-9660c7b79eba
17:09:15.238     媒体文件: ✅ 本地文件
17:09:15.238     元素时长: 8秒
17:09:15.238     开始时间: 15秒
17:09:15.238     媒体库验证: ❌ 不存在
17:09:15.238  📊 AI剪辑片段信息: Object
17:09:15.238  ✅ 成功添加AI剪辑片段到时间轴:
17:09:15.238     片段ID: v1_clip_004
17:09:15.238     媒体项ID: fd713551-e629-4b92-81a0-157dd49c5b73
17:09:15.238     缩略图: ✅ 已生成
17:09:15.238     媒体URL: blob:http://localhost:3001/9f208573-968b-425f-a5a1-9549d22a921e
17:09:15.238     媒体文件: ✅ 本地文件
17:09:15.238     元素时长: 8.5秒
17:09:15.238     开始时间: 23秒
17:09:15.238     媒体库验证: ❌ 不存在
17:09:15.238  📊 AI剪辑片段信息: Object
17:09:15.238  ✅ 成功添加AI剪辑片段到时间轴:
17:09:15.238     片段ID: v1_clip_005
17:09:15.238     媒体项ID: 239f2dbe-9cc2-4b88-988d-98af810e4bca
17:09:15.238     缩略图: ✅ 已生成
17:09:15.238     媒体URL: blob:http://localhost:3001/c94f4e4d-fb12-4c06-ba73-a054afb6b970
17:09:15.238     媒体文件: ✅ 本地文件
17:09:15.238     元素时长: 6.5秒
17:09:15.238     开始时间: 31.5秒
17:09:15.238     媒体库验证: ❌ 不存在
17:09:15.238  📊 AI剪辑片段信息: Object
17:09:15.238  ✅ 成功添加AI剪辑片段到时间轴:
17:09:15.238     片段ID: v1_clip_006
17:09:15.238     媒体项ID: 3ea11f7f-7cd4-469d-8369-c111ba6f7d57
17:09:15.238     缩略图: ✅ 已生成
17:09:15.238     媒体URL: blob:http://localhost:3001/70ef5394-de61-4e94-80f3-bdc080789be8
17:09:15.238     媒体文件: ✅ 本地文件
17:09:15.238     元素时长: 8秒
17:09:15.238     开始时间: 38秒
17:09:15.238     媒体库验证: ❌ 不存在
17:09:15.238  📊 AI剪辑片段信息: Object
17:09:15.239  ✅ 成功添加AI剪辑片段到时间轴:
17:09:15.239     片段ID: v1_clip_007
17:09:15.239     媒体项ID: 47fc0fc8-2830-4600-b316-f85534093689
17:09:15.239     缩略图: ✅ 已生成
17:09:15.239     媒体URL: blob:http://localhost:3001/467ffb36-50c3-4d8d-b96b-cb0a2c361fcc
17:09:15.239     媒体文件: ✅ 本地文件
17:09:15.239     元素时长: 6秒
17:09:15.239     开始时间: 46秒
17:09:15.239     媒体库验证: ❌ 不存在
17:09:15.239  📊 AI剪辑片段信息: Object
17:09:15.239  ✅ 成功添加AI剪辑片段到时间轴:
17:09:15.239     片段ID: v1_clip_008
17:09:15.239     媒体项ID: b3ebe684-cb0a-4023-b238-9c41c77db644
17:09:15.239     缩略图: ✅ 已生成
17:09:15.239     媒体URL: blob:http://localhost:3001/6edf5456-2e03-43a2-a374-0d8f58d94d10
17:09:15.239     媒体文件: ✅ 本地文件
17:09:15.239     元素时长: 7秒
17:09:15.239     开始时间: 52秒
17:09:15.239     媒体库验证: ❌ 不存在
17:09:15.239  📊 AI剪辑片段信息: Object
17:09:15.239  ✅ 成功添加AI剪辑片段到时间轴:
17:09:15.239     片段ID: v1_clip_009
17:09:15.239     媒体项ID: 3b42720d-c7f8-4acd-bb2c-60963b4e62b4
17:09:15.239     缩略图: ✅ 已生成
17:09:15.239     媒体URL: blob:http://localhost:3001/4b6a9998-45f4-4e5e-a8c6-78d8eb3cdc42
17:09:15.239     媒体文件: ✅ 本地文件
17:09:15.239     元素时长: 6.8秒
17:09:15.239     开始时间: 59秒
17:09:15.239     媒体库验证: ❌ 不存在
17:09:15.239  📊 AI剪辑片段信息: Object
17:09:15.240  ✅ 成功添加AI剪辑片段到时间轴:
17:09:15.240     片段ID: v1_clip_010
17:09:15.240     媒体项ID: bb4bcc4c-9861-4574-bbd3-36b3500aff5d
17:09:15.240     缩略图: ✅ 已生成
17:09:15.240     媒体URL: blob:http://localhost:3001/e86bb52b-1754-406a-b427-50796c4e9505
17:09:15.240     媒体文件: ✅ 本地文件
17:09:15.240     元素时长: 8秒
17:09:15.240     开始时间: 65.8秒
17:09:15.240     媒体库验证: ❌ 不存在
17:09:15.240  📊 AI剪辑片段信息: Object
17:09:15.240  ✅ 成功添加AI剪辑片段到时间轴:
17:09:15.240     片段ID: v1_clip_011
17:09:15.240     媒体项ID: ff4c7450-8826-44a9-a4f4-726ccdeaa324
17:09:15.240     缩略图: ✅ 已生成
17:09:15.240     媒体URL: blob:http://localhost:3001/2c7a4480-a598-442b-8563-b891072be743
17:09:15.240     媒体文件: ✅ 本地文件
17:09:15.240     元素时长: 8秒
17:09:15.240     开始时间: 73.8秒
17:09:15.240     媒体库验证: ❌ 不存在
17:09:15.240  📊 AI剪辑片段信息: Object
17:09:15.240  ✅ 成功添加AI剪辑片段到时间轴:
17:09:15.240     片段ID: v1_clip_012
17:09:15.240     媒体项ID: 311c32ef-854b-42bd-9332-2dd2bd7dcdcb
17:09:15.240     缩略图: ✅ 已生成
17:09:15.240     媒体URL: blob:http://localhost:3001/249e871e-f65a-4f3a-9087-1f24539ef73e
17:09:15.240     媒体文件: ✅ 本地文件
17:09:15.240     元素时长: 8秒
17:09:15.240     开始时间: 81.8秒
17:09:15.240     媒体库验证: ❌ 不存在
17:09:15.240  📊 AI剪辑片段信息: Object
17:09:15.240  ✅ 成功添加AI剪辑片段到时间轴:
17:09:15.240     片段ID: v1_clip_013
17:09:15.240     媒体项ID: 6c35a2e9-ca33-4e77-9115-f4d368c813f2
17:09:15.241     缩略图: ✅ 已生成
17:09:15.241     媒体URL: blob:http://localhost:3001/d8613537-a97c-4f51-9459-afdc25b35a48
17:09:15.241     媒体文件: ✅ 本地文件
17:09:15.241     元素时长: 8秒
17:09:15.241     开始时间: 89.8秒
17:09:15.241     媒体库验证: ❌ 不存在
17:09:15.241  📊 AI剪辑片段信息: Object
17:09:15.241  ✅ 成功添加AI剪辑片段到时间轴:
17:09:15.241     片段ID: v1_clip_014
17:09:15.241     媒体项ID: a56dbc73-5f13-4866-ad15-f6389a874ca1
17:09:15.241     缩略图: ✅ 已生成
17:09:15.241     媒体URL: blob:http://localhost:3001/3e127290-9b33-4722-be0d-8a6deb552e4f
17:09:15.241     媒体文件: ✅ 本地文件
17:09:15.241     元素时长: 8秒
17:09:15.241     开始时间: 97.8秒
17:09:15.241     媒体库验证: ❌ 不存在
17:09:15.241  📊 AI剪辑片段信息: Object
17:09:15.241  ✅ 成功添加AI剪辑片段到时间轴:
17:09:15.241     片段ID: v1_clip_015
17:09:15.241     媒体项ID: 5206b811-ad60-45a5-8aec-59689197c10f
17:09:15.241     缩略图: ✅ 已生成
17:09:15.241     媒体URL: blob:http://localhost:3001/bc213b06-29e8-441b-8350-e719e9c0c159
17:09:15.241     媒体文件: ✅ 本地文件
17:09:15.241     元素时长: 8秒
17:09:15.241     开始时间: 105.8秒
17:09:15.241     媒体库验证: ❌ 不存在
17:09:15.241  📊 AI剪辑片段信息: Object
17:09:15.241  ✅ 成功添加AI剪辑片段到时间轴:
17:09:15.241     片段ID: v1_clip_016
17:09:15.241     媒体项ID: aaab10e6-3211-4456-af9f-06de12257f60
17:09:15.241     缩略图: ✅ 已生成
17:09:15.241     媒体URL: blob:http://localhost:3001/e2338605-3e4e-4ef4-ae9b-d07454853212
17:09:15.241     媒体文件: ✅ 本地文件
17:09:15.241     元素时长: 7.132秒
17:09:15.241     开始时间: 113.8秒
17:09:15.241     媒体库验证: ❌ 不存在
17:09:15.241  📊 AI剪辑片段信息: Object
17:09:15.241  ✅ 成功添加AI剪辑片段到时间轴:
17:09:15.241     片段ID: v1_clip_017
17:09:15.241     媒体项ID: 46374920-a989-47ed-b23e-7844ac0421fd
17:09:15.242     缩略图: ✅ 已生成
17:09:15.242     媒体URL: blob:http://localhost:3001/c51ce21c-3c92-42e9-9412-bcd714b26160
17:09:15.242     媒体文件: ✅ 本地文件
17:09:15.242     元素时长: 8秒
17:09:15.242     开始时间: 120.932秒
17:09:15.242     媒体库验证: ❌ 不存在
17:09:15.242  📊 AI剪辑片段信息: Object
17:09:15.242  ✅ 成功添加AI剪辑片段到时间轴:
17:09:15.242     片段ID: v1_clip_018
17:09:15.242     媒体项ID: b2996265-a5ac-46e7-b635-1e0de58ae718
17:09:15.242     缩略图: ✅ 已生成
17:09:15.242     媒体URL: blob:http://localhost:3001/b6c67a52-1fc3-4367-9c73-3e0050f21d33
17:09:15.242     媒体文件: ✅ 本地文件
17:09:15.242     元素时长: 2.8秒
17:09:15.242     开始时间: 128.93200000000002秒
17:09:15.242     媒体库验证: ❌ 不存在
17:09:15.242  📊 AI剪辑片段信息: Object
17:09:15.242  ✅ 成功添加AI剪辑片段到时间轴:
17:09:15.242     片段ID: v1_clip_019
17:09:15.242     媒体项ID: c2b83ee0-431e-4cff-b035-52a51130aaca
17:09:15.242     缩略图: ✅ 已生成
17:09:15.242     媒体URL: blob:http://localhost:3001/da77a93f-5c56-40a7-8f03-d102ae043ace
17:09:15.242     媒体文件: ✅ 本地文件
17:09:15.242     元素时长: 1秒
17:09:15.242     开始时间: 131.73200000000003秒
17:09:15.242     媒体库验证: ❌ 不存在
17:09:15.242  📊 AI剪辑片段信息: Object
17:09:15.242  ✅ 成功添加AI剪辑片段到时间轴:
17:09:15.242     片段ID: v1_clip_020
17:09:15.242     媒体项ID: 93319221-93c7-4e35-9f21-303ddd61f9ce
17:09:15.242     缩略图: ✅ 已生成
17:09:15.242     媒体URL: blob:http://localhost:3001/03f407c9-15c2-47cf-a632-ac68fa7321db
17:09:15.242     媒体文件: ✅ 本地文件
17:09:15.242     元素时长: 4.4秒
17:09:15.242     开始时间: 132.73200000000003秒
17:09:15.242     媒体库验证: ❌ 不存在
17:09:15.242  📊 AI剪辑片段信息: Object
17:09:15.243  ✅ 成功添加AI剪辑片段到时间轴:
17:09:15.243     片段ID: v1_clip_021
17:09:15.243     媒体项ID: e2779f92-4188-4326-b761-f4b261d68350
17:09:15.243     缩略图: ✅ 已生成
17:09:15.243     媒体URL: blob:http://localhost:3001/9feab017-1cc2-4803-9a12-635c66eab30d
17:09:15.243     媒体文件: ✅ 本地文件
17:09:15.243     元素时长: 3秒
17:09:15.243     开始时间: 137.13200000000003秒
17:09:15.243     媒体库验证: ❌ 不存在
17:09:15.243  📊 AI剪辑片段信息: Object
17:09:15.243  ✅ 成功添加AI剪辑片段到时间轴:
17:09:15.243     片段ID: v1_clip_022
17:09:15.243     媒体项ID: c7337c10-21d9-47ce-ab29-10efb4836b83
17:09:15.243     缩略图: ✅ 已生成
17:09:15.243     媒体URL: blob:http://localhost:3001/bb0eabee-ee6b-45b6-b128-7d8cf75ebf27
17:09:15.243     媒体文件: ✅ 本地文件
17:09:15.243     元素时长: 5秒
17:09:15.243     开始时间: 140.13200000000003秒
17:09:15.243     媒体库验证: ❌ 不存在
17:09:15.243  📝 发现AI字幕数据，开始处理...
17:09:15.244  🎯 字幕位置计算: 画布高度=1080, Y坐标=410.4
17:09:15.244  🎯 字幕位置计算: 画布高度=1080, Y坐标=410.4
17:09:15.244  🎯 字幕位置计算: 画布高度=1080, Y坐标=410.4
17:09:15.244  🎯 字幕位置计算: 画布高度=1080, Y坐标=410.4
17:09:15.244  🎯 字幕位置计算: 画布高度=1080, Y坐标=410.4
17:09:15.244  🎯 字幕位置计算: 画布高度=1080, Y坐标=410.4
17:09:15.244  🎯 字幕位置计算: 画布高度=1080, Y坐标=410.4
17:09:15.244  🎯 字幕位置计算: 画布高度=1080, Y坐标=410.4
17:09:15.244  🎯 字幕位置计算: 画布高度=1080, Y坐标=410.4
17:09:15.244  🎯 字幕位置计算: 画布高度=1080, Y坐标=410.4
17:09:15.244  🎯 字幕位置计算: 画布高度=1080, Y坐标=410.4
17:09:15.244  🎯 字幕位置计算: 画布高度=1080, Y坐标=410.4
17:09:15.244  🎯 字幕位置计算: 画布高度=1080, Y坐标=410.4
17:09:15.244  🎯 字幕位置计算: 画布高度=1080, Y坐标=410.4
17:09:15.244  📝 生成了 14 个字幕元素
17:09:15.244  📝 开始创建字幕轨道: "AI字幕"，包含 14 个元素
17:09:15.245  📝 创建了文本轨道，ID: 5926b875-75f4-4a1c-8952-2077158bf99e
17:09:15.245  📝 轨道名称已更新为: "AI字幕"
17:09:15.245  📝 开始添加 14 个文本元素到轨道
17:09:15.245  📝 开始向轨道 5926b875-75f4-4a1c-8952-2077158bf99e 添加 14 个文本元素
17:09:15.245  📝 处理文本元素 1/14:
17:09:15.245     内容: "Delta squad, reinforce section gamma. Now. Move no..."
17:09:15.245     开始时间: 12s
17:09:15.245     持续时间: 3s
17:09:15.245     类型: text
17:09:15.245  📝 添加字幕元素 1，跳过重叠检查
17:09:15.245     字幕内容: "Delta squad, reinforce section..."
17:09:15.245     开始时间: 12s，持续时间: 3s
17:09:15.245  ✅ 成功添加文本元素 1: "Delta squad, reinforce section..."
17:09:15.245  📝 处理文本元素 2/14:
17:09:15.245     内容: "They said it was a fortress. Logic's final, perfec..."
17:09:15.245     开始时间: 15.2s
17:09:15.245     持续时间: 5.600000000000001s
17:09:15.245     类型: text
17:09:15.245  📝 添加字幕元素 2，跳过重叠检查
17:09:15.245     字幕内容: "They said it was a fortress. L..."
17:09:15.245     开始时间: 15.2s，持续时间: 5.600000000000001s
17:09:15.246  ✅ 成功添加文本元素 2: "They said it was a fortress. L..."
17:09:15.246  📝 处理文本元素 3/14:
17:09:15.246     内容: "But the universe doesn't follow logic...."
17:09:15.246     开始时间: 23.5s
17:09:15.246     持续时间: 2.3000000000000007s
17:09:15.246     类型: text
17:09:15.246  📝 添加字幕元素 3，跳过重叠检查
17:09:15.246     字幕内容: "But the universe doesn't follo..."
17:09:15.246     开始时间: 23.5s，持续时间: 2.3000000000000007s
17:09:15.246  ✅ 成功添加文本元素 3: "But the universe doesn't follo..."
17:09:15.246  📝 处理文本元素 4/14:
17:09:15.246     内容: "It just happens...."
17:09:15.246     开始时间: 27.958s
17:09:15.246     持续时间: 1.5s
17:09:15.246     类型: text
17:09:15.246  📝 添加字幕元素 4，跳过重叠检查
17:09:15.246     字幕内容: "It just happens...."
17:09:15.246     开始时间: 27.958s，持续时间: 1.5s
17:09:15.246  ✅ 成功添加文本元素 4: "It just happens...."
17:09:15.246  📝 处理文本元素 5/14:
17:09:15.246     内容: "All units, hold! Hold positions! Report damage!..."
17:09:15.246     开始时间: 52.458s
17:09:15.246     持续时间: 2.700000000000003s
17:09:15.246     类型: text
17:09:15.246  📝 添加字幕元素 5，跳过重叠检查
17:09:15.246     字幕内容: "All units, hold! Hold position..."
17:09:15.246     开始时间: 52.458s，持续时间: 2.700000000000003s
17:09:15.246  ✅ 成功添加文本元素 5: "All units, hold! Hold position..."
17:09:15.246  📝 处理文本元素 6/14:
17:09:15.246     内容: "No. No, no, no......"
17:09:15.246     开始时间: 72.258s
17:09:15.246     持续时间: 1.5s
17:09:15.246     类型: text
17:09:15.246  📝 添加字幕元素 6，跳过重叠检查
17:09:15.246     字幕内容: "No. No, no, no......"
17:09:15.246     开始时间: 72.258s，持续时间: 1.5s
17:09:15.247  ✅ 成功添加文本元素 6: "No. No, no, no......"
17:09:15.247  📝 处理文本元素 7/14:
17:09:15.247     内容: "Automated repair impossible. Manual override requi..."
17:09:15.247     开始时间: 76.258s
17:09:15.247     持续时间: 5.300000000000011s
17:09:15.247     类型: text
17:09:15.247  📝 添加字幕元素 7，跳过重叠检查
17:09:15.247     字幕内容: "Automated repair impossible. M..."
17:09:15.247     开始时间: 76.258s，持续时间: 5.300000000000011s
17:09:15.247  ✅ 成功添加文本元素 7: "Automated repair impossible. M..."
17:09:15.247  📝 处理文本元素 8/14:
17:09:15.247     内容: "My whole life... I trusted the numbers...."
17:09:15.247     开始时间: 82.258s
17:09:15.247     持续时间: 3s
17:09:15.247     类型: text
17:09:15.247  📝 添加字幕元素 8，跳过重叠检查
17:09:15.247     字幕内容: "My whole life... I trusted the..."
17:09:15.247     开始时间: 82.258s，持续时间: 3s
17:09:15.247  ✅ 成功添加文本元素 8: "My whole life... I trusted the..."
17:09:15.247  📝 处理文本元素 9/14:
17:09:15.247     内容: "The numbers said I was safe...."
17:09:15.247     开始时间: 85.758s
17:09:15.247     持续时间: 1.8000000000000114s
17:09:15.247     类型: text
17:09:15.247  📝 添加字幕元素 9，跳过重叠检查
17:09:15.247     字幕内容: "The numbers said I was safe...."
17:09:15.247     开始时间: 85.758s，持续时间: 1.8000000000000114s
17:09:15.247  ✅ 成功添加文本元素 9: "The numbers said I was safe...."
17:09:15.247  📝 处理文本元素 10/14:
17:09:15.247     内容: "The numbers said they were safe...."
17:09:15.247     开始时间: 87.758s
17:09:15.247     持续时间: 2s
17:09:15.247     类型: text
17:09:15.247  📝 添加字幕元素 10，跳过重叠检查
17:09:15.247     字幕内容: "The numbers said they were saf..."
17:09:15.247     开始时间: 87.758s，持续时间: 2s
17:09:15.248  ✅ 成功添加文本元素 10: "The numbers said they were saf..."
17:09:15.248  📝 处理文本元素 11/14:
17:09:15.248     内容: "Recommended action: Abort...."
17:09:15.248     开始时间: 93.258s
17:09:15.248     持续时间: 2.5s
17:09:15.248     类型: text
17:09:15.248  📝 添加字幕元素 11，跳过重叠检查
17:09:15.248     字幕内容: "Recommended action: Abort...."
17:09:15.248     开始时间: 93.258s，持续时间: 2.5s
17:09:15.248  ✅ 成功添加文本元素 11: "Recommended action: Abort...."
17:09:15.248  📝 处理文本元素 12/14:
17:09:15.248     内容: "The numbers are a lie. There's only what you do. A..."
17:09:15.248     开始时间: 108.558s
17:09:15.248 ai-subtitle-integration.ts:94    持续时间: 5s
17:09:15.248 ai-subtitle-integration.ts:95    类型: text
17:09:15.248 ai-subtitle-integration.ts:99 📝 添加字幕元素 12，跳过重叠检查
17:09:15.248 ai-subtitle-integration.ts:100    字幕内容: "The numbers are a lie. There's..."
17:09:15.248 ai-subtitle-integration.ts:101    开始时间: 108.558s，持续时间: 5s
17:09:15.248 ai-subtitle-integration.ts:114 ✅ 成功添加文本元素 12: "The numbers are a lie. There's..."
17:09:15.248 ai-subtitle-integration.ts:91 📝 处理文本元素 13/14:
17:09:15.248 ai-subtitle-integration.ts:92    内容: "Please. Just this once...."
17:09:15.248 ai-subtitle-integration.ts:93    开始时间: 129.09s
17:09:15.248 ai-subtitle-integration.ts:94    持续时间: 1.5999999999999943s
17:09:15.248 ai-subtitle-integration.ts:95    类型: text
17:09:15.248 ai-subtitle-integration.ts:99 📝 添加字幕元素 13，跳过重叠检查
17:09:15.248 ai-subtitle-integration.ts:100    字幕内容: "Please. Just this once...."
17:09:15.248 ai-subtitle-integration.ts:101    开始时间: 129.09s，持续时间: 1.5999999999999943s
17:09:15.249 ai-subtitle-integration.ts:114 ✅ 成功添加文本元素 13: "Please. Just this once...."
17:09:15.249 ai-subtitle-integration.ts:91 📝 处理文本元素 14/14:
17:09:15.249 ai-subtitle-integration.ts:92    内容: "Fly!..."
17:09:15.249 ai-subtitle-integration.ts:93    开始时间: 135.69s
17:09:15.249 ai-subtitle-integration.ts:94    持续时间: 0.5999999999999943s
17:09:15.249 ai-subtitle-integration.ts:95    类型: text
17:09:15.249 ai-subtitle-integration.ts:99 📝 添加字幕元素 14，跳过重叠检查
17:09:15.249 ai-subtitle-integration.ts:100    字幕内容: "Fly!..."
17:09:15.249 ai-subtitle-integration.ts:101    开始时间: 135.69s，持续时间: 0.5999999999999943s
17:09:15.249 ai-subtitle-integration.ts:114 ✅ 成功添加文本元素 14: "Fly!..."
17:09:15.249 ai-subtitle-integration.ts:121 📝 完成添加文本元素，成功: 14/14
17:09:15.249 ai-subtitle-integration.ts:160 ✅ 成功创建字幕轨道 "AI字幕"，添加了 14 个元素
17:09:15.249 ai-subtitle-integration.ts:166 🔍 验证: 轨道 "AI字幕" 包含 14 个元素
17:09:15.249 ai-editing-store.ts:751 ✅ 成功创建字幕轨道并添加 14 个字幕
17:09:15.249 ai-editing-store.ts:773 🎉 AI剪辑执行完成! 连续排列，智能处理CORS问题!
17:09:15.249 ai-editing-store.ts:774 📊 总时长: 145.13200000000003秒
17:09:15.249 ai-editing-store.ts:775 💾 下载结果: 22个本地文件, 0个远程URL
17:09:15.249 ai-editing-store.ts:776 📝 字幕结果: 14个字幕元素
17:09:15.961 video-player.tsx:204 📥 视频开始加载: 1fe90a57-8347-475a-a28a-7b9b89641436
17:09:16.524 video-player.tsx:205 ✅ 视频可播放: 1fe90a57-8347-475a-a28a-7b9b89641436
17:09:32.607 contentScript.bundle.js:162 isCacheTxt:false
17:09:34.474 contentScript.bundle.js:162 isCacheTxt:false
17:09:34.655 contentScript.bundle.js:162 isCacheTxt:false
17:09:35.454 contentScript.bundle.js:162 isCacheTxt:false
17:09:36.004 contentScript.bundle.js:162 isCacheTxt:false
17:09:36.637 contentScript.bundle.js:162 isCacheTxt:false
17:09:37.371 contentScript.bundle.js:162 isCacheTxt:false
17:09:38.022 contentScript.bundle.js:162 isCacheTxt:false
17:09:44.891 contentScript.bundle.js:162 isCacheTxt:false
17:09:45.017 export-manager.ts:58 Export manager initialized with device info: Object
17:09:45.017 editor-header.tsx:189 导出管理器初始化完成
17:09:45.018 ir-generator.ts:27 Generated IR for export: Object
17:09:45.018 editor-header.tsx:197 生成的IR: Object
17:09:45.018 editor-header.tsx:203 项目信息: 22个视频, 0个音频, 14个文本, 总时长145.1秒
17:09:45.019 ir-generator.ts:27 Generated IR for export: Object
17:09:45.019 export-manager.ts:79 🔧 调试模式：强制使用后端导出
17:09:45.019 export-manager.ts:80 IR数据: Object
17:09:45.019 export-manager.ts:104 🚀 使用后端导出策略: Object
17:09:45.019 export-manager.ts:120 📋 导出选项: Object
17:09:45.019 export-manager.ts:123 🎬 开始后端导出...
17:09:45.019 backend-exporter.ts:124 🚀 Starting export process...
17:09:45.020 backend-exporter.ts:125 IR: Object
17:09:45.020 backend-exporter.ts:197 🔍 Checking for AI clips...
17:09:45.020 backend-exporter.ts:201 AI editing store state: Object
17:09:45.020 backend-exporter.ts:211 ✅ Found AI editing plan with 22 clips
17:09:45.020 backend-exporter.ts:215 📊 Timeline analysis: Object
17:09:45.020 backend-exporter.ts:229 🎯 Enhanced AI data with timeline optimization hints
17:09:45.020 backend-exporter.ts:130 🔍 Found AI clips data, checking for incremental export opportunity...
17:09:45.020 backend-exporter.ts:133 ⚡ FORCING incremental AI export for performance optimization
17:09:45.021 backend-exporter.ts:134 📊 AI clips data: Object
17:09:45.021 backend-exporter.ts:293 ⚡ Starting incremental AI export...
17:09:45.023 backend-exporter.ts:405 🔍 collectProcessedMediaData started: Object
17:09:45.023 backend-exporter.ts:418 🔍 Processing video element 43ca4ea2-1225-40bc-b6d6-9445c9528768: Object
17:09:45.023 backend-exporter.ts:437 📥 Processing blob URL from videoElement.src for 43ca4ea2-1225-40bc-b6d6-9445c9528768: blob:http://localhost:3001/1fe90a57-8347-475a-a28a-7b9b89641436
17:09:45.318 backend-exporter.ts:455 ✅ Converted blob to Base64 for 43ca4ea2-1225-40bc-b6d6-9445c9528768: 4100352 chars
17:09:45.318 backend-exporter.ts:544 📊 Video element 43ca4ea2-1225-40bc-b6d6-9445c9528768 processing result: Object
17:09:45.319 backend-exporter.ts:418 🔍 Processing video element 518fcd70-d83b-49a9-8dd3-8fcde18b8e39: Object
17:09:45.319 backend-exporter.ts:437 📥 Processing blob URL from videoElement.src for 518fcd70-d83b-49a9-8dd3-8fcde18b8e39: blob:http://localhost:3001/036bec04-f0f8-4112-b953-0e76ab06a413
17:09:45.700 backend-exporter.ts:455 ✅ Converted blob to Base64 for 518fcd70-d83b-49a9-8dd3-8fcde18b8e39: 2489184 chars
17:09:45.701 backend-exporter.ts:544 📊 Video element 518fcd70-d83b-49a9-8dd3-8fcde18b8e39 processing result: Object
17:09:45.701 backend-exporter.ts:418 🔍 Processing video element 562fd9ab-9369-473f-b62f-b9794b26edac: Object
17:09:45.702 backend-exporter.ts:437 📥 Processing blob URL from videoElement.src for 562fd9ab-9369-473f-b62f-b9794b26edac: blob:http://localhost:3001/ff185a93-873b-47e3-99cf-9660c7b79eba
17:09:46.432 backend-exporter.ts:455 ✅ Converted blob to Base64 for 562fd9ab-9369-473f-b62f-b9794b26edac: 5868628 chars
17:09:46.433 backend-exporter.ts:544 📊 Video element 562fd9ab-9369-473f-b62f-b9794b26edac processing result: Object
17:09:46.433 backend-exporter.ts:418 🔍 Processing video element 4c83d93d-48c0-417a-ac4c-3298b2354ce0: Object
17:09:46.433 backend-exporter.ts:437 📥 Processing blob URL from videoElement.src for 4c83d93d-48c0-417a-ac4c-3298b2354ce0: blob:http://localhost:3001/9f208573-968b-425f-a5a1-9549d22a921e
17:09:46.584 backend-exporter.ts:455 ✅ Converted blob to Base64 for 4c83d93d-48c0-417a-ac4c-3298b2354ce0: 1768884 chars
17:09:46.585 backend-exporter.ts:544 📊 Video element 4c83d93d-48c0-417a-ac4c-3298b2354ce0 processing result: Object
17:09:46.585 backend-exporter.ts:418 🔍 Processing video element 52cb4528-aefa-4daa-a947-94b36e61baf6: Object
17:09:46.585 backend-exporter.ts:437 📥 Processing blob URL from videoElement.src for 52cb4528-aefa-4daa-a947-94b36e61baf6: blob:http://localhost:3001/c94f4e4d-fb12-4c06-ba73-a054afb6b970
17:09:47.211 backend-exporter.ts:455 ✅ Converted blob to Base64 for 52cb4528-aefa-4daa-a947-94b36e61baf6: 6281144 chars
17:09:47.211 backend-exporter.ts:544 📊 Video element 52cb4528-aefa-4daa-a947-94b36e61baf6 processing result: Object
17:09:47.212 backend-exporter.ts:418 🔍 Processing video element aa514c0d-77d9-41eb-a551-17c4d7dc43c3: Object
17:09:47.212 backend-exporter.ts:437 📥 Processing blob URL from videoElement.src for aa514c0d-77d9-41eb-a551-17c4d7dc43c3: blob:http://localhost:3001/70ef5394-de61-4e94-80f3-bdc080789be8
17:09:47.555 backend-exporter.ts:455 ✅ Converted blob to Base64 for aa514c0d-77d9-41eb-a551-17c4d7dc43c3: 4800184 chars
17:09:47.556 backend-exporter.ts:544 📊 Video element aa514c0d-77d9-41eb-a551-17c4d7dc43c3 processing result: Object
17:09:47.556 backend-exporter.ts:418 🔍 Processing video element 374703bf-58f3-4246-afd2-0b909214f5fe: Object
17:09:47.556 backend-exporter.ts:437 📥 Processing blob URL from videoElement.src for 374703bf-58f3-4246-afd2-0b909214f5fe: blob:http://localhost:3001/467ffb36-50c3-4d8d-b96b-cb0a2c361fcc
17:09:48.344 backend-exporter.ts:455 ✅ Converted blob to Base64 for 374703bf-58f3-4246-afd2-0b909214f5fe: 9899208 chars
17:09:48.344 backend-exporter.ts:544 📊 Video element 374703bf-58f3-4246-afd2-0b909214f5fe processing result: Object
17:09:48.344 backend-exporter.ts:418 🔍 Processing video element 4ca83875-0cab-4b09-a878-8664583a39e1: Object
17:09:48.344 backend-exporter.ts:437 📥 Processing blob URL from videoElement.src for 4ca83875-0cab-4b09-a878-8664583a39e1: blob:http://localhost:3001/6edf5456-2e03-43a2-a374-0d8f58d94d10
17:09:48.562 backend-exporter.ts:455 ✅ Converted blob to Base64 for 4ca83875-0cab-4b09-a878-8664583a39e1: 3511900 chars
17:09:48.562 backend-exporter.ts:544 📊 Video element 4ca83875-0cab-4b09-a878-8664583a39e1 processing result: Object
17:09:48.562 backend-exporter.ts:418 🔍 Processing video element 5c7237ee-aac3-4300-8718-5e349c579ae5: Object
17:09:48.562 backend-exporter.ts:437 📥 Processing blob URL from videoElement.src for 5c7237ee-aac3-4300-8718-5e349c579ae5: blob:http://localhost:3001/4b6a9998-45f4-4e5e-a8c6-78d8eb3cdc42
17:09:48.784 backend-exporter.ts:455 ✅ Converted blob to Base64 for 5c7237ee-aac3-4300-8718-5e349c579ae5: 3010444 chars
17:09:48.784 backend-exporter.ts:544 📊 Video element 5c7237ee-aac3-4300-8718-5e349c579ae5 processing result: Object
17:09:48.784 backend-exporter.ts:418 🔍 Processing video element 4a34a660-f471-4c9e-b998-a41c3dfac357: Object
17:09:48.784 backend-exporter.ts:437 📥 Processing blob URL from videoElement.src for 4a34a660-f471-4c9e-b998-a41c3dfac357: blob:http://localhost:3001/e86bb52b-1754-406a-b427-50796c4e9505
17:09:48.877 backend-exporter.ts:455 ✅ Converted blob to Base64 for 4a34a660-f471-4c9e-b998-a41c3dfac357: 2426228 chars
17:09:48.877 backend-exporter.ts:544 📊 Video element 4a34a660-f471-4c9e-b998-a41c3dfac357 processing result: Object
17:09:48.877 backend-exporter.ts:418 🔍 Processing video element 4cb56e6d-942d-4962-a62b-1fe1fed42c31: Object
17:09:48.877 backend-exporter.ts:437 📥 Processing blob URL from videoElement.src for 4cb56e6d-942d-4962-a62b-1fe1fed42c31: blob:http://localhost:3001/2c7a4480-a598-442b-8563-b891072be743
17:09:49.073 backend-exporter.ts:455 ✅ Converted blob to Base64 for 4cb56e6d-942d-4962-a62b-1fe1fed42c31: 1788576 chars
17:09:49.073 backend-exporter.ts:544 📊 Video element 4cb56e6d-942d-4962-a62b-1fe1fed42c31 processing result: Object
17:09:49.073 backend-exporter.ts:418 🔍 Processing video element 9c54ba2c-12c2-4e76-a49e-d2f0c05851d1: Object
17:09:49.073 backend-exporter.ts:437 📥 Processing blob URL from videoElement.src for 9c54ba2c-12c2-4e76-a49e-d2f0c05851d1: blob:http://localhost:3001/249e871e-f65a-4f3a-9087-1f24539ef73e
17:09:49.153 backend-exporter.ts:455 ✅ Converted blob to Base64 for 9c54ba2c-12c2-4e76-a49e-d2f0c05851d1: 1911792 chars
17:09:49.153 backend-exporter.ts:544 📊 Video element 9c54ba2c-12c2-4e76-a49e-d2f0c05851d1 processing result: Object
17:09:49.153 backend-exporter.ts:418 🔍 Processing video element 99318681-e236-4f65-8579-e66fe8f177b4: Object
17:09:49.153 backend-exporter.ts:437 📥 Processing blob URL from videoElement.src for 99318681-e236-4f65-8579-e66fe8f177b4: blob:http://localhost:3001/d8613537-a97c-4f51-9459-afdc25b35a48
17:09:49.273 backend-exporter.ts:455 ✅ Converted blob to Base64 for 99318681-e236-4f65-8579-e66fe8f177b4: 1955416 chars
17:09:49.273 backend-exporter.ts:544 📊 Video element 99318681-e236-4f65-8579-e66fe8f177b4 processing result: Object
17:09:49.273 backend-exporter.ts:418 🔍 Processing video element eefa8425-f1af-4ec8-a207-cfc50657de40: Object
17:09:49.273 backend-exporter.ts:437 📥 Processing blob URL from videoElement.src for eefa8425-f1af-4ec8-a207-cfc50657de40: blob:http://localhost:3001/3e127290-9b33-4722-be0d-8a6deb552e4f
17:09:49.333 contentScript.bundle.js:162 isCacheTxt:false
17:09:49.520 backend-exporter.ts:455 ✅ Converted blob to Base64 for eefa8425-f1af-4ec8-a207-cfc50657de40: 2892024 chars
17:09:49.520 backend-exporter.ts:544 📊 Video element eefa8425-f1af-4ec8-a207-cfc50657de40 processing result: Object
17:09:49.520 backend-exporter.ts:418 🔍 Processing video element 5f31d196-a1b3-4f69-98b0-eef8de72704b: Object
17:09:49.520 backend-exporter.ts:437 📥 Processing blob URL from videoElement.src for 5f31d196-a1b3-4f69-98b0-eef8de72704b: blob:http://localhost:3001/bc213b06-29e8-441b-8350-e719e9c0c159
17:09:49.608 backend-exporter.ts:455 ✅ Converted blob to Base64 for 5f31d196-a1b3-4f69-98b0-eef8de72704b: 2170136 chars
17:09:49.608 backend-exporter.ts:544 📊 Video element 5f31d196-a1b3-4f69-98b0-eef8de72704b processing result: Object
17:09:49.608 backend-exporter.ts:418 🔍 Processing video element a3ce073a-b32a-4c6c-b192-80dca8a301d5: Object
17:09:49.608 backend-exporter.ts:437 📥 Processing blob URL from videoElement.src for a3ce073a-b32a-4c6c-b192-80dca8a301d5: blob:http://localhost:3001/e2338605-3e4e-4ef4-ae9b-d07454853212
17:09:49.723 backend-exporter.ts:455 ✅ Converted blob to Base64 for a3ce073a-b32a-4c6c-b192-80dca8a301d5: 1834396 chars
17:09:49.723 backend-exporter.ts:544 📊 Video element a3ce073a-b32a-4c6c-b192-80dca8a301d5 processing result: Object
17:09:49.724 backend-exporter.ts:418 🔍 Processing video element 2b1a4fc8-b5fb-4ca9-b5d9-391aafb9c6e5: Object
17:09:49.724 backend-exporter.ts:437 📥 Processing blob URL from videoElement.src for 2b1a4fc8-b5fb-4ca9-b5d9-391aafb9c6e5: blob:http://localhost:3001/c51ce21c-3c92-42e9-9412-bcd714b26160
17:09:49.934 backend-exporter.ts:455 ✅ Converted blob to Base64 for 2b1a4fc8-b5fb-4ca9-b5d9-391aafb9c6e5: 1798704 chars
17:09:49.934 backend-exporter.ts:544 📊 Video element 2b1a4fc8-b5fb-4ca9-b5d9-391aafb9c6e5 processing result: Object
17:09:49.934 backend-exporter.ts:418 🔍 Processing video element 4300235b-3182-4bbd-b2bd-9f88ff61cc6a: Object
17:09:49.934 backend-exporter.ts:437 📥 Processing blob URL from videoElement.src for 4300235b-3182-4bbd-b2bd-9f88ff61cc6a: blob:http://localhost:3001/b6c67a52-1fc3-4367-9c73-3e0050f21d33
17:09:50.149 backend-exporter.ts:455 ✅ Converted blob to Base64 for 4300235b-3182-4bbd-b2bd-9f88ff61cc6a: 2903256 chars
17:09:50.149 backend-exporter.ts:544 📊 Video element 4300235b-3182-4bbd-b2bd-9f88ff61cc6a processing result: Object
17:09:50.149 backend-exporter.ts:418 🔍 Processing video element 08c7c200-ba85-4764-9ea8-527f1534b916: Object
17:09:50.149 backend-exporter.ts:437 📥 Processing blob URL from videoElement.src for 08c7c200-ba85-4764-9ea8-527f1534b916: blob:http://localhost:3001/da77a93f-5c56-40a7-8f03-d102ae043ace
17:09:50.226 backend-exporter.ts:455 ✅ Converted blob to Base64 for 08c7c200-ba85-4764-9ea8-527f1534b916: 822624 chars
17:09:50.226 backend-exporter.ts:544 📊 Video element 08c7c200-ba85-4764-9ea8-527f1534b916 processing result: Object
17:09:50.226 backend-exporter.ts:418 🔍 Processing video element 0b5542dd-c146-4e9d-8d7a-fa0309ca47ad: Object
17:09:50.227 backend-exporter.ts:437 📥 Processing blob URL from videoElement.src for 0b5542dd-c146-4e9d-8d7a-fa0309ca47ad: blob:http://localhost:3001/03f407c9-15c2-47cf-a632-ac68fa7321db
17:09:50.492 backend-exporter.ts:455 ✅ Converted blob to Base64 for 0b5542dd-c146-4e9d-8d7a-fa0309ca47ad: 2903256 chars
17:09:50.492 backend-exporter.ts:544 📊 Video element 0b5542dd-c146-4e9d-8d7a-fa0309ca47ad processing result: Object
17:09:50.492 backend-exporter.ts:418 🔍 Processing video element 585324ae-e241-4e2a-9f38-fb0eb6679b6f: Object
17:09:50.492 backend-exporter.ts:437 📥 Processing blob URL from videoElement.src for 585324ae-e241-4e2a-9f38-fb0eb6679b6f: blob:http://localhost:3001/9feab017-1cc2-4803-9a12-635c66eab30d
17:09:50.738 backend-exporter.ts:455 ✅ Converted blob to Base64 for 585324ae-e241-4e2a-9f38-fb0eb6679b6f: 2301680 chars
17:09:50.738 backend-exporter.ts:544 📊 Video element 585324ae-e241-4e2a-9f38-fb0eb6679b6f processing result: Object
17:09:50.738 backend-exporter.ts:418 🔍 Processing video element bdc55a30-960a-422b-8b86-b1288d1fca52: Object
17:09:50.738 backend-exporter.ts:437 📥 Processing blob URL from videoElement.src for bdc55a30-960a-422b-8b86-b1288d1fca52: blob:http://localhost:3001/bb0eabee-ee6b-45b6-b128-7d8cf75ebf27
17:09:50.956 backend-exporter.ts:455 ✅ Converted blob to Base64 for bdc55a30-960a-422b-8b86-b1288d1fca52: 2301680 chars
17:09:50.956 backend-exporter.ts:544 📊 Video element bdc55a30-960a-422b-8b86-b1288d1fca52 processing result: Object
17:09:50.956 backend-exporter.ts:305 📊 Processed media analysis: Object
17:09:50.956 backend-exporter.ts:333 🎯 Incremental export request prepared
17:09:54.132 turbopack-hot-reloader-common.ts:41 [Fast Refresh] rebuilding
17:09:59.591 report-hmr-latency.ts:26 [Fast Refresh] done in 5611ms
17:10:05.405 turbopack-hot-reloader-common.ts:41 [Fast Refresh] rebuilding
17:10:05.454 report-hmr-latency.ts:26 [Fast Refresh] done in 150ms
17:10:05.648 turbopack-hot-reloader-common.ts:41 [Fast Refresh] rebuilding
17:10:05.701 report-hmr-latency.ts:26 [Fast Refresh] done in 207ms
17:13:33.258 4b0c330d-a102-4de6-812c-f0aa3281aaa6:1 Uncaught (in promise) Error: A listener indicated an asynchronous response by returning true, but the message channel closed before a response was received
17:13:33.265 4b0c330d-a102-4de6-812c-f0aa3281aaa6:1 Unchecked runtime.lastError: A listener indicated an asynchronous response by returning true, but the message channel closed before a response was received
17:13:33.266 4b0c330d-a102-4de6-812c-f0aa3281aaa6:1 Uncaught (in promise) Error: A listener indicated an asynchronous response by returning true, but the message channel closed before a response was received
17:13:33.267 contentScript.bundle.js:162  GET chrome-extension://lopnbnfpjmgpbppclhclehhgafnifija/aiscripts/script-main.js net::ERR_FILE_NOT_FOUND
（匿名） @ contentScript.bundle.js:162
17:16:08.236 editor-header.tsx:232 导出成功: {size: '31.0MB', duration: 'undefined秒', method: undefined, quality: undefined}duration: "undefined秒"method: undefinedquality: undefinedsize: "31.0MB"[[Prototype]]: Object
17:16:08.749 turbopack-hot-reloader-common.ts:41 [Fast Refresh] rebuilding
17:16:09.026 report-hmr-latency.ts:26 [Fast Refresh] done in 712ms
